2026-09-20T14:43:43.735Z INFO relay.worker pane=0936795d worker_start version=0.1.0 pid=3463565 level=info
2026-09-20T14:43:43.793Z INFO relay.worker pane=0936795d configured model=stub host=127.0.0.1 role=main skills=1 agents=2 stall_s=60 session=af73c37cd44547f8b9492c4e7c087bbb
2026-09-20T14:43:56.674Z INFO relay.agent pane=0936795d turn_start session=af73c37cd44547f8b9492c4e7c087bbb turn=e38a8e88e82c423fb5aeced9537eb939 model=stub host=127.0.0.1 mode=build effort=high prompt_chars=27 messages=1 stall_s=60 max_steps=500
2026-09-20T14:43:56.768Z INFO relay.agent pane=0936795d tool session=af73c37cd44547f8b9492c4e7c087bbb turn=e38a8e88e82c423fb5aeced9537eb939 call=call_0 tool=read_file ok=False ms=0
2026-09-20T14:43:56.833Z INFO relay.agent pane=0936795d tool session=af73c37cd44547f8b9492c4e7c087bbb turn=e38a8e88e82c423fb5aeced9537eb939 call=call_1 tool=read_file ok=False ms=0
2026-09-20T14:43:56.908Z INFO relay.agent pane=0936795d tool session=af73c37cd44547f8b9492c4e7c087bbb turn=e38a8e88e82c423fb5aeced9537eb939 call=call_2 tool=read_file ok=False ms=0
2026-09-20T14:43:56.933Z INFO relay.agent pane=0936795d loop_detected session=af73c37cd44547f8b9492c4e7c087bbb turn=e38a8e88e82c423fb5aeced9537eb939 pattern=error tool=read_file count=3 nudge=1 stopping=False
2026-09-20T14:43:57.000Z INFO relay.agent pane=0936795d tool session=af73c37cd44547f8b9492c4e7c087bbb turn=e38a8e88e82c423fb5aeced9537eb939 call=call_3 tool=read_file ok=False ms=0
2026-09-20T14:43:57.067Z INFO relay.agent pane=0936795d tool session=af73c37cd44547f8b9492c4e7c087bbb turn=e38a8e88e82c423fb5aeced9537eb939 call=call_4 tool=read_file ok=False ms=0
2026-09-20T14:43:57.142Z INFO relay.agent pane=0936795d tool session=af73c37cd44547f8b9492c4e7c087bbb turn=e38a8e88e82c423fb5aeced9537eb939 call=call_5 tool=read_file ok=False ms=0
2026-09-20T14:43:57.166Z INFO relay.agent pane=0936795d loop_detected session=af73c37cd44547f8b9492c4e7c087bbb turn=e38a8e88e82c423fb5aeced9537eb939 pattern=error tool=read_file count=3 nudge=2 stopping=False
2026-09-20T14:43:57.241Z INFO relay.agent pane=0936795d tool session=af73c37cd44547f8b9492c4e7c087bbb turn=e38a8e88e82c423fb5aeced9537eb939 call=call_6 tool=read_file ok=False ms=0
2026-09-20T14:43:57.316Z INFO relay.agent pane=0936795d tool session=af73c37cd44547f8b9492c4e7c087bbb turn=e38a8e88e82c423fb5aeced9537eb939 call=call_7 tool=read_file ok=False ms=0
2026-09-20T14:43:57.382Z INFO relay.agent pane=0936795d tool session=af73c37cd44547f8b9492c4e7c087bbb turn=e38a8e88e82c423fb5aeced9537eb939 call=call_8 tool=read_file ok=False ms=0
2026-09-20T14:43:57.397Z INFO relay.agent pane=0936795d loop_detected session=af73c37cd44547f8b9492c4e7c087bbb turn=e38a8e88e82c423fb5aeced9537eb939 pattern=error tool=read_file count=3 nudge=3 stopping=True
2026-09-20T14:43:57.397Z INFO relay.agent pane=0936795d turn_end session=af73c37cd44547f8b9492c4e7c087bbb turn=e38a8e88e82c423fb5aeced9537eb939 outcome=done stop_reason=limit ms=723 thinking_ms=0 tools=9 retries=0 open_items=1
2026-09-20T14:44:35.805Z INFO relay.agent pane=0936795d turn_start session=af73c37cd44547f8b9492c4e7c087bbb turn=f320b658acc943de8b37475041830e3f model=stub host=127.0.0.1 mode=build effort=high prompt_chars=54 messages=24 stall_s=60 max_steps=500
2026-09-20T14:44:35.874Z INFO relay.agent pane=0936795d tool session=af73c37cd44547f8b9492c4e7c087bbb turn=f320b658acc943de8b37475041830e3f call=call_0 tool=read_file ok=True ms=0
2026-09-20T14:44:35.948Z INFO relay.agent pane=0936795d tool session=af73c37cd44547f8b9492c4e7c087bbb turn=f320b658acc943de8b37475041830e3f call=call_1 tool=read_file ok=True ms=0
2026-09-20T14:44:36.024Z INFO relay.agent pane=0936795d tool session=af73c37cd44547f8b9492c4e7c087bbb turn=f320b658acc943de8b37475041830e3f call=call_2 tool=read_file ok=True ms=0
2026-09-20T14:44:36.099Z INFO relay.agent pane=0936795d tool session=af73c37cd44547f8b9492c4e7c087bbb turn=f320b658acc943de8b37475041830e3f call=call_3 tool=read_file ok=True ms=0
2026-09-20T14:44:36.174Z INFO relay.agent pane=0936795d tool session=af73c37cd44547f8b9492c4e7c087bbb turn=f320b658acc943de8b37475041830e3f call=call_4 tool=read_file ok=True ms=0
2026-09-20T14:44:36.250Z INFO relay.agent pane=0936795d tool session=af73c37cd44547f8b9492c4e7c087bbb turn=f320b658acc943de8b37475041830e3f call=call_5 tool=read_file ok=True ms=0
2026-09-20T14:44:36.326Z INFO relay.agent pane=0936795d tool session=af73c37cd44547f8b9492c4e7c087bbb turn=f320b658acc943de8b37475041830e3f call=call_6 tool=read_file ok=True ms=0
2026-09-20T14:44:36.401Z INFO relay.agent pane=0936795d tool session=af73c37cd44547f8b9492c4e7c087bbb turn=f320b658acc943de8b37475041830e3f call=call_7 tool=read_file ok=True ms=0
2026-09-20T14:44:36.484Z INFO relay.agent pane=0936795d tool session=af73c37cd44547f8b9492c4e7c087bbb turn=f320b658acc943de8b37475041830e3f call=call_8 tool=read_file ok=True ms=0
2026-09-20T14:44:36.560Z INFO relay.agent pane=0936795d tool session=af73c37cd44547f8b9492c4e7c087bbb turn=f320b658acc943de8b37475041830e3f call=call_9 tool=read_file ok=True ms=0
2026-09-20T14:44:36.636Z INFO relay.agent pane=0936795d tool session=af73c37cd44547f8b9492c4e7c087bbb turn=f320b658acc943de8b37475041830e3f call=call_10 tool=read_file ok=True ms=0
2026-09-20T14:44:36.711Z INFO relay.agent pane=0936795d tool session=af73c37cd44547f8b9492c4e7c087bbb turn=f320b658acc943de8b37475041830e3f call=call_11 tool=read_file ok=True ms=0
2026-09-20T14:44:36.787Z INFO relay.agent pane=0936795d tool session=af73c37cd44547f8b9492c4e7c087bbb turn=f320b658acc943de8b37475041830e3f call=call_12 tool=read_file ok=True ms=0
2026-09-20T14:44:36.863Z INFO relay.agent pane=0936795d tool session=af73c37cd44547f8b9492c4e7c087bbb turn=f320b658acc943de8b37475041830e3f call=call_13 tool=read_file ok=True ms=0
2026-09-20T14:44:36.939Z INFO relay.agent pane=0936795d tool session=af73c37cd44547f8b9492c4e7c087bbb turn=f320b658acc943de8b37475041830e3f call=call_14 tool=read_file ok=True ms=0
2026-09-20T14:44:37.014Z INFO relay.agent pane=0936795d tool session=af73c37cd44547f8b9492c4e7c087bbb turn=f320b658acc943de8b37475041830e3f call=call_15 tool=read_file ok=True ms=0
2026-09-20T14:44:37.089Z INFO relay.agent pane=0936795d tool session=af73c37cd44547f8b9492c4e7c087bbb turn=f320b658acc943de8b37475041830e3f call=call_16 tool=read_file ok=True ms=0
2026-09-20T14:44:37.165Z INFO relay.agent pane=0936795d tool session=af73c37cd44547f8b9492c4e7c087bbb turn=f320b658acc943de8b37475041830e3f call=call_17 tool=read_file ok=True ms=0
2026-09-20T14:44:37.242Z INFO relay.agent pane=0936795d tool session=af73c37cd44547f8b9492c4e7c087bbb turn=f320b658acc943de8b37475041830e3f call=call_18 tool=read_file ok=True ms=0
2026-09-20T14:44:37.324Z INFO relay.agent pane=0936795d tool session=af73c37cd44547f8b9492c4e7c087bbb turn=f320b658acc943de8b37475041830e3f call=call_19 tool=read_file ok=True ms=0
2026-09-20T14:44:37.399Z INFO relay.agent pane=0936795d tool session=af73c37cd44547f8b9492c4e7c087bbb turn=f320b658acc943de8b37475041830e3f call=call_20 tool=read_file ok=True ms=0
2026-09-20T14:44:37.476Z INFO relay.agent pane=0936795d tool session=af73c37cd44547f8b9492c4e7c087bbb turn=f320b658acc943de8b37475041830e3f call=call_21 tool=read_file ok=True ms=0
2026-09-20T14:44:37.551Z INFO relay.agent pane=0936795d tool session=af73c37cd44547f8b9492c4e7c087bbb turn=f320b658acc943de8b37475041830e3f call=call_22 tool=read_file ok=True ms=0
2026-09-20T14:44:37.627Z INFO relay.agent pane=0936795d tool session=af73c37cd44547f8b9492c4e7c087bbb turn=f320b658acc943de8b37475041830e3f call=call_23 tool=read_file ok=True ms=0
2026-09-20T14:44:37.702Z INFO relay.agent pane=0936795d tool session=af73c37cd44547f8b9492c4e7c087bbb turn=f320b658acc943de8b37475041830e3f call=call_24 tool=read_file ok=True ms=0
2026-09-20T14:44:37.777Z INFO relay.agent pane=0936795d tool session=af73c37cd44547f8b9492c4e7c087bbb turn=f320b658acc943de8b37475041830e3f call=call_25 tool=read_file ok=True ms=0
2026-09-20T14:44:37.854Z INFO relay.agent pane=0936795d tool session=af73c37cd44547f8b9492c4e7c087bbb turn=f320b658acc943de8b37475041830e3f call=call_26 tool=read_file ok=True ms=0
2026-09-20T14:44:37.930Z INFO relay.agent pane=0936795d tool session=af73c37cd44547f8b9492c4e7c087bbb turn=f320b658acc943de8b37475041830e3f call=call_27 tool=read_file ok=True ms=0
2026-09-20T14:44:38.006Z INFO relay.agent pane=0936795d tool session=af73c37cd44547f8b9492c4e7c087bbb turn=f320b658acc943de8b37475041830e3f call=call_28 tool=read_file ok=True ms=0
2026-09-20T14:44:38.088Z INFO relay.agent pane=0936795d tool session=af73c37cd44547f8b9492c4e7c087bbb turn=f320b658acc943de8b37475041830e3f call=call_29 tool=read_file ok=True ms=0
2026-09-20T14:44:38.113Z INFO relay.agent pane=0936795d turn_end session=af73c37cd44547f8b9492c4e7c087bbb turn=f320b658acc943de8b37475041830e3f outcome=done ms=2308 thinking_ms=0 tools=30 retries=0 open_items=0
