[display] %0D%1B%5B2K%1B%5D7772%3Bagent%1B%5C%1B%5B1m%E2%9C%A6 walk through the files%1B%5B0m%0D%0A%1B%5B1m%1B%5B0m
[display] %1B%5B38%3B2%3B139%3B145%3B156m%1B%5B0m%0D%0A%1B%5B38%3B2%3B139%3B145%3B156m%1B%5B0m
[display] %1B%5B38%3B2%3B139%3B145%3B156m%E2%96%B8 stub%1B%5B0m%0D%0A%1B%5B38%3B2%3B139%3B145%3B156m%1B%5B0m
[display] %1B%5B0%3B97mLet me look at 
[display] the two files first%2C 
[display] then list the 
[display] directory.%1B%5B0m%1B%5B38%3B2%3B139%3B145%3B156m%1B%5B0m%0D%0A%1B%5B38%3B2%3B139%3B145%3B156m%1B%5B0m
[display] %1B%5B38%3B2%3B139%3B145%3B156m%1B%5B0m%0D%0A%1B%5B38%3B2%3B139%3B145%3B156m%1B%5B0m
[display] %1B%5D8%3B%3Brelay%3A%2F%2Fcall%2F5627a23e-b16a-4cfa-abf4-960e4586da9c%2Fe8826022800045caa8de8838bf806185%2Fcall_1%1B%5C%1B%5B38%3B2%3B139%3B145%3B156m%E2%96%B8 reading alpha.py%E2%80%A6%1B%5B0m%1B%5D8%3B%3B%1B%5C
[display] %0D%1B%5B2K%1B%5D8%3B%3Brelay%3A%2F%2Fopen-call%2F5627a23e-b16a-4cfa-abf4-960e4586da9c%2Fe8826022800045caa8de8838bf806185%2Fcall_1%1B%5C%1B%5B38%3B2%3B139%3B145%3B156m%E2%96%B8 read alpha.py%1B%5B0m%1B%5B38%3B2%3B139%3B145%3B156m %C2%B7 2 lines%1B%5B0m%1B%5D8%3B%3B%1B%5C
[display] %0D%1B%5B2K%1B%5D8%3B%3Brelay%3A%2F%2Fcall%2F5627a23e-b16a-4cfa-abf4-960e4586da9c%2Fe8826022800045caa8de8838bf806185%2Fcall_1%2B2%1B%5C%1B%5B38%3B2%3B139%3B145%3B156m%E2%96%B8 read 2 files%1B%5B0m%1B%5B38%3B2%3B139%3B145%3B156m %C2%B7 15 lines%1B%5B0m%1B%5D8%3B%3B%1B%5C
[display] %0D%0A%1B%5D8%3B%3Brelay%3A%2F%2Fcall%2F5627a23e-b16a-4cfa-abf4-960e4586da9c%2Fe8826022800045caa8de8838bf806185%2Fcall_3%1B%5C%1B%5B38%3B2%3B139%3B145%3B156m%E2%96%B8 running ls -la%E2%80%A6%1B%5B0m%1B%5D8%3B%3B%1B%5C
[display] %0D%1B%5B2K%1B%5D8%3B%3Brelay%3A%2F%2Fcall%2F5627a23e-b16a-4cfa-abf4-960e4586da9c%2Fe8826022800045caa8de8838bf806185%2Fcall_3%1B%5C%1B%5B38%3B2%3B139%3B145%3B156m%E2%96%B8 running ls -la%E2%80%A6%1B%5B0m%1B%5B38%3B2%3B139%3B145%3B156m %C2%B7 5 lines%1B%5B0m%1B%5D8%3B%3B%1B%5C
[display] %0D%1B%5B2K%1B%5D8%3B%3Brelay%3A%2F%2Fcall%2F5627a23e-b16a-4cfa-abf4-960e4586da9c%2Fe8826022800045caa8de8838bf806185%2Fcall_3%1B%5C%1B%5B38%3B2%3B139%3B145%3B156m%E2%96%B8 ran ls -la%1B%5B0m%1B%5B38%3B2%3B139%3B145%3B156m %C2%B7 5 lines %C2%B7 exit 0%1B%5B0m%1B%5D8%3B%3B%1B%5C%0D%0A
[display] %1B%5B38%3B2%3B139%3B145%3B156m%1B%5B0m%0D%0A%1B%5B38%3B2%3B139%3B145%3B156m%1B%5B0m
[display] %1B%5B0%3B97mThe listing is what I expected. 
[display] %1B%5B0%3B97%3B1m%1B%5B0%3B97%3B1malpha.py%1B%5B0%3B97m sets %1B%5B0%3B97%3B1%3B97mSMALL %3D 1%1B%5B0%3B97m%3B the 
[display] edit bumps it and adds a second 
[display] constant.%1B%5B0m%1B%5B38%3B2%3B139%3B145%3B156m%1B%5B0m%0D%0A%1B%5B38%3B2%3B139%3B145%3B156m%1B%5B0m
[display] %1B%5B38%3B2%3B139%3B145%3B156m%1B%5B0m%0D%0A%1B%5B38%3B2%3B139%3B145%3B156m%1B%5B0m
[display] %1B%5D8%3B%3Brelay%3A%2F%2Fcall%2F5627a23e-b16a-4cfa-abf4-960e4586da9c%2Fe8826022800045caa8de8838bf806185%2Fcall_4%1B%5C%1B%5B38%3B2%3B139%3B145%3B156m%E2%96%B8 editing alpha.py%E2%80%A6%1B%5B0m%1B%5D8%3B%3B%1B%5C
[display] %0D%1B%5B2K%1B%5D8%3B%3Brelay%3A%2F%2Fcall%2F5627a23e-b16a-4cfa-abf4-960e4586da9c%2Fe8826022800045caa8de8838bf806185%2Fcall_4%1B%5C%1B%5B38%3B2%3B139%3B145%3B156m%E2%96%B8 edited alpha.py%1B%5B0m%1B%5B38%3B2%3B139%3B145%3B156m %C2%B7 %2B2 %E2%88%921%1B%5B0m%1B%5D8%3B%3B%1B%5C%0D%0A
[display] %1B%5B38%3B2%3B139%3B145%3B156m  %40%40 -1%2C2 %2B1%2C3 %40%40%1B%5B0m%0D%0A%1B%5B38%3B2%3B139%3B145%3B156m%1B%5B0m
[display] %1B%5B38%3B2%3B224%3B108%3B117m  -SMALL %3D 1%1B%5B0m%0D%0A%1B%5B38%3B2%3B224%3B108%3B117m%1B%5B0m
[display] %1B%5B38%3B2%3B126%3B200%3B140m  %2BSMALL %3D 2%1B%5B0m%0D%0A%1B%5B38%3B2%3B126%3B200%3B140m%1B%5B0m
[display] %1B%5B38%3B2%3B126%3B200%3B140m  %2BEXTRA %3D 3%1B%5B0m%0D%0A%1B%5B38%3B2%3B126%3B200%3B140m%1B%5B0m
[display] %1B%5B38%3B2%3B139%3B145%3B156m   keep %3D True%1B%5B0m%0D%0A%1B%5B38%3B2%3B139%3B145%3B156m%1B%5B0m
[display] %1B%5B38%3B2%3B139%3B145%3B156m%1B%5B0m%0D%0A%1B%5B38%3B2%3B139%3B145%3B156m%1B%5B0m
[display] %1B%5B0%3B97mDone. %1B%5B0%3B97%3B1%3B97malpha.py%1B%5B0%3B97m now 
[display] sets SMALL to 
[display] 2 and defines 
[display] EXTRA.%0D%0A%1B%5D8%3B%3Brelay%3A%2F%2Fturn%2F5627a23e-b16a-4cfa-abf4-960e4586da9c%2Fe8826022800045caa8de8838bf806185%1B%5C%1B%5B38%3B2%3B139%3B145%3B156m%E2%9C%A6 4 tool calls %C2%B7 4 s%1B%5B0m%1B%5D8%3B%3B%1B%5C%1B%5B38%3B2%3B139%3B145%3B156m  %28Ctrl%2Bclick%29%1B%5B0m%0D%0A
[display] %1B%5B0m
[display] 
[display] %0D%1B%5B2K%1B%5B38%3B2%3B139%3B145%3B156m%1B%5B0m%0D%0A%1B%5B38%3B2%3B139%3B145%3B156m%1B%5B0m
[display] %1B%5D7772%3Bagent%1B%5C%1B%5B1m%E2%9C%A6 second prompt%2C no tools%1B%5B0m%0D%0A%1B%5B1m%1B%5B0m
[display] %1B%5B38%3B2%3B139%3B145%3B156m%1B%5B0m%0D%0A%1B%5B38%3B2%3B139%3B145%3B156m%1B%5B0m
[display] %1B%5B38%3B2%3B139%3B145%3B156m%E2%96%B8 stub%1B%5B0m%0D%0A%1B%5B38%3B2%3B139%3B145%3B156m%1B%5B0m
[display] %1B%5B0%3B97mDone. 
[display]  
[display] %1B%5B0m%1B%5B38%3B2%3B139%3B145%3B156m%1B%5B0m%0D%0A%1B%5B38%3B2%3B139%3B145%3B156m%1B%5B0m
[display] 
[display] %0D%1B%5B2K%1B%5B38%3B2%3B139%3B145%3B156m%1B%5B0m%0D%0A%1B%5B38%3B2%3B139%3B145%3B156m%1B%5B0m
[display] %1B%5D7772%3Bagent%1B%5C%1B%5B1m%E2%9C%A6 tools first please%1B%5B0m%0D%0A%1B%5B1m%1B%5B0m
[display] %1B%5B38%3B2%3B139%3B145%3B156m%1B%5B0m%0D%0A%1B%5B38%3B2%3B139%3B145%3B156m%1B%5B0m
[display] %1B%5B38%3B2%3B139%3B145%3B156m%E2%96%B8 stub%1B%5B0m%0D%0A%1B%5B38%3B2%3B139%3B145%3B156m%1B%5B0m
[display] %1B%5D8%3B%3Brelay%3A%2F%2Fcall%2F5627a23e-b16a-4cfa-abf4-960e4586da9c%2F81365828d427418aa763812caab0b280%2Fcall_5%1B%5C%1B%5B38%3B2%3B139%3B145%3B156m%E2%96%B8 running echo hello from the stub%E2%80%A6%1B%5B0m%1B%5D8%3B%3B%1B%5C
[display] %0D%1B%5B2K%1B%5D8%3B%3Brelay%3A%2F%2Fcall%2F5627a23e-b16a-4cfa-abf4-960e4586da9c%2F81365828d427418aa763812caab0b280%2Fcall_5%1B%5C%1B%5B38%3B2%3B139%3B145%3B156m%E2%96%B8 running echo hello from the stub%E2%80%A6%1B%5B0m%1B%5B38%3B2%3B139%3B145%3B156m %C2%B7 1 line%1B%5B0m%1B%5D8%3B%3B%1B%5C
[display] %0D%1B%5B2K%1B%5D8%3B%3Brelay%3A%2F%2Fcall%2F5627a23e-b16a-4cfa-abf4-960e4586da9c%2F81365828d427418aa763812caab0b280%2Fcall_5%1B%5C%1B%5B38%3B2%3B139%3B145%3B156m%E2%96%B8 ran echo hello from the stub%1B%5B0m%1B%5B38%3B2%3B139%3B145%3B156m %C2%B7 1 line %C2%B7 exit 0%1B%5B0m%1B%5D8%3B%3B%1B%5C%0D%0A
[display] %1B%5B38%3B2%3B139%3B145%3B156m%1B%5B0m%0D%0A%1B%5B38%3B2%3B139%3B145%3B156m%1B%5B0m
[display] %1B%5B0%3B97mDone%3A the 
[display] command printed 
[display] one 
[display] line.%0D%0A%1B%5D8%3B%3Brelay%3A%2F%2Fturn%2F5627a23e-b16a-4cfa-abf4-960e4586da9c%2F81365828d427418aa763812caab0b280%1B%5C%1B%5B38%3B2%3B139%3B145%3B156m%E2%9C%A6 1 tool call %C2%B7 1 s%1B%5B0m%1B%5D8%3B%3B%1B%5C%1B%5B38%3B2%3B139%3B145%3B156m  %28Ctrl%2Bclick%29%1B%5B0m%0D%0A
[display] %1B%5B0m
[display] 
