--- configure sent by startBoardWorker (before) ---
{
    "type": "configure",
    "workspace": "/tmp/tmp.YIo0Ds02dp/ws",
    "agent_role": "switchboard",
    "use_stored_key": true,
    "api_key": "",
    "preset": "glm-coding",
    "max_tokens": 32768,
    "base_url": "http://127.0.0.1:43733/moonshot",
    "model": "kimi-k3",
    "extra": {
        "reasoning_effort": "high",
        "thinking": {
            "type": "enabled"
        }
    }
}
--- worker events ---
configured: model=kimi-k3 base=http://127.0.0.1:43733/moonshot
board_thread_appended: {"card_id": "A1B2", "author": "owner", "text": "say ok"}
error: {"turn_id": "62941ba90b2149239bc99ab88fa22485", "text": "Provider HTTP 401: the API key was rejected for kimi-k3 at 127.0.0.1 (Kimi \u00b7 K3). The stored key is missing, wrong, or belongs to a different endpoint of the same provider - open Settings \u203a Models \u203a API keys\u2026 to check it.", "card_id": "A1B2"}
--- what the stand-in saw ---
{'endpoint': '/moonshot', 'presented': '/zai', 'accepted': False}
{'endpoint': '/zai', 'presented': '/zai', 'accepted': True}
