{"preset": "kimi", "timeout_ms": 2000, "max_tokens": 64, "text": "go build ./...", "route": null, "confidence": null, "reason": null, "error": "timeout", "elapsed_ms": 2000}
{"preset": "kimi", "timeout_ms": 2000, "max_tokens": 64, "text": "go to the docs folder and summarize", "route": null, "confidence": null, "reason": null, "error": "timeout", "elapsed_ms": 2000}
{"preset": "kimi", "timeout_ms": 2000, "max_tokens": 64, "text": "make the tests pass", "route": null, "confidence": null, "reason": null, "error": "timeout", "elapsed_ms": 2000}
{"preset": "kimi", "timeout_ms": 2000, "max_tokens": 64, "text": "install ripgrep", "route": null, "confidence": null, "reason": null, "error": "timeout", "elapsed_ms": 2000}
{"preset": "kimi", "timeout_ms": 2000, "max_tokens": 64, "text": "find where the config is loaded", "route": null, "confidence": null, "reason": null, "error": "timeout", "elapsed_ms": 2000}
{"preset": "kimi", "timeout_ms": 2000, "max_tokens": 64, "text": "kill it", "route": null, "confidence": null, "reason": null, "error": "timeout", "elapsed_ms": 2000}
{"preset": "kimi", "timeout_ms": 15000, "max_tokens": 64, "text": "go build ./...", "route": "shell", "confidence": 0.99, "reason": "Standard Go build command", "error": null, "elapsed_ms": 9640}
{"preset": "kimi", "timeout_ms": 15000, "max_tokens": 64, "text": "go to the docs folder and summarize", "route": "agent", "confidence": 0.92, "reason": "natural language navigation and summarize request", "error": null, "elapsed_ms": 5242}
{"preset": "kimi", "timeout_ms": 15000, "max_tokens": 64, "text": "make the tests pass", "route": "agent", "confidence": 0.85, "reason": "English instruction, not bare make invocation", "error": null, "elapsed_ms": 5539}
{"preset": "kimi", "timeout_ms": 15000, "max_tokens": 64, "text": "install ripgrep", "route": "agent", "confidence": 0.75, "reason": "reads as English instruction to install", "error": null, "elapsed_ms": 6899}
{"preset": "kimi", "timeout_ms": 15000, "max_tokens": 64, "text": "find where the config is loaded", "route": "agent", "confidence": 0.95, "reason": "Natural-language request to locate config loading", "error": null, "elapsed_ms": 5050}
{"preset": "kimi", "timeout_ms": 15000, "max_tokens": 64, "text": "kill it", "route": null, "confidence": null, "reason": null, "error": "Response was truncated or filtered; partial tools were not executed. Increase output limit or narrow the task.", "elapsed_ms": 4797}
{"preset": "kimi", "timeout_ms": 15000, "max_tokens": 20, "text": "install ripgrep", "route": null, "confidence": null, "reason": null, "error": "Response was truncated or filtered; partial tools were not executed. Increase output limit or narrow the task.", "elapsed_ms": 4315}
{"preset": "glm-coding", "timeout_ms": 2000, "max_tokens": 64, "text": "go build ./...", "route": null, "confidence": null, "reason": null, "error": "timeout", "elapsed_ms": 2000}
{"preset": "glm-coding", "timeout_ms": 2000, "max_tokens": 64, "text": "go to the docs folder and summarize", "route": null, "confidence": null, "reason": null, "error": "timeout", "elapsed_ms": 2001}
{"preset": "glm-coding", "timeout_ms": 2000, "max_tokens": 64, "text": "make the tests pass", "route": null, "confidence": null, "reason": null, "error": "timeout", "elapsed_ms": 2000}
{"preset": "glm-coding", "timeout_ms": 2000, "max_tokens": 64, "text": "install ripgrep", "route": null, "confidence": null, "reason": null, "error": "timeout", "elapsed_ms": 2000}
{"preset": "glm-coding", "timeout_ms": 2000, "max_tokens": 64, "text": "find where the config is loaded", "route": null, "confidence": null, "reason": null, "error": "timeout", "elapsed_ms": 2001}
{"preset": "glm-coding", "timeout_ms": 2000, "max_tokens": 64, "text": "kill it", "route": null, "confidence": null, "reason": null, "error": "timeout", "elapsed_ms": 2000}
{"preset": "glm-coding", "timeout_ms": 15000, "max_tokens": 64, "text": "go build ./...", "route": "shell", "confidence": 0.98, "reason": "standard Go build command", "error": null, "elapsed_ms": 1985}
{"preset": "glm-coding", "timeout_ms": 15000, "max_tokens": 64, "text": "go to the docs folder and summarize", "route": "agent", "confidence": 0.97, "reason": "Natural-language instruction, not a command", "error": null, "elapsed_ms": 2647}
{"preset": "glm-coding", "timeout_ms": 15000, "max_tokens": 64, "text": "make the tests pass", "route": "agent", "confidence": 0.95, "reason": "natural language instruction, not a command", "error": null, "elapsed_ms": 5298}
{"preset": "glm-coding", "timeout_ms": 15000, "max_tokens": 64, "text": "install ripgrep", "route": "agent", "confidence": 0.85, "reason": "reads as package request", "error": null, "elapsed_ms": 5367}
{"preset": "glm-coding", "timeout_ms": 15000, "max_tokens": 64, "text": "find where the config is loaded", "route": "agent", "confidence": 0.95, "reason": "natural-language request, not valid command syntax", "error": null, "elapsed_ms": 3065}
{"preset": "glm-coding", "timeout_ms": 15000, "max_tokens": 64, "text": "kill it", "route": "agent", "confidence": 0.9, "reason": "informal instruction, not valid command", "error": null, "elapsed_ms": 1793}
{"preset": "glm-coding", "timeout_ms": 15000, "max_tokens": 20, "text": "install ripgrep", "route": null, "confidence": null, "reason": null, "error": "Response was truncated or filtered; partial tools were not executed. Increase output limit or narrow the task.", "elapsed_ms": 10943}
