{"preset": "kimi", "timeout_ms": 2000, "max_tokens": 256, "text": "go build ./...", "route": null, "confidence": null, "reason": null, "error": "timeout", "elapsed_ms": 2001}
{"preset": "kimi", "timeout_ms": 2000, "max_tokens": 256, "text": "go to the docs folder and summarize", "route": null, "confidence": null, "reason": null, "error": "timeout", "elapsed_ms": 2000}
{"preset": "kimi", "timeout_ms": 2000, "max_tokens": 256, "text": "make the tests pass", "route": null, "confidence": null, "reason": null, "error": "timeout", "elapsed_ms": 2000}
{"preset": "kimi", "timeout_ms": 2000, "max_tokens": 256, "text": "install ripgrep", "route": null, "confidence": null, "reason": null, "error": "timeout", "elapsed_ms": 2000}
{"preset": "kimi", "timeout_ms": 2000, "max_tokens": 256, "text": "find where the config is loaded", "route": null, "confidence": null, "reason": null, "error": "timeout", "elapsed_ms": 2000}
{"preset": "kimi", "timeout_ms": 2000, "max_tokens": 256, "text": "kill it", "route": null, "confidence": null, "reason": null, "error": "timeout", "elapsed_ms": 2000}
{"preset": "kimi", "timeout_ms": 15000, "max_tokens": 256, "text": "go build ./...", "route": "shell", "confidence": 0.99, "reason": "Exact Go build command syntax", "error": null, "elapsed_ms": 8932}
{"preset": "kimi", "timeout_ms": 15000, "max_tokens": 256, "text": "go to the docs folder and summarize", "route": "agent", "confidence": 0.95, "reason": "Natural language instruction, not go command usage", "error": null, "elapsed_ms": 5087}
{"preset": "kimi", "timeout_ms": 15000, "max_tokens": 256, "text": "make the tests pass", "route": "agent", "confidence": 0.98, "reason": "natural-language instruction to coding agent", "error": null, "elapsed_ms": 5512}
{"preset": "kimi", "timeout_ms": 15000, "max_tokens": 256, "text": "install ripgrep", "route": "agent", "confidence": 0.7, "reason": "Imperative instruction; install alone isn't package manager", "error": null, "elapsed_ms": 7859}
{"preset": "kimi", "timeout_ms": 15000, "max_tokens": 256, "text": "find where the config is loaded", "route": "agent", "confidence": 0.9, "reason": "reads as English search instruction, not flags", "error": null, "elapsed_ms": 4995}
{"preset": "kimi", "timeout_ms": 15000, "max_tokens": 256, "text": "kill it", "route": "agent", "confidence": 0.85, "reason": "\"kill it\" reads as instruction, not command", "error": null, "elapsed_ms": 2870}
{"preset": "kimi", "timeout_ms": 15000, "max_tokens": 20, "text": "install ripgrep", "route": null, "confidence": null, "reason": null, "error": "Response was truncated or filtered; partial tools were not executed. Increase output limit or narrow the task.", "elapsed_ms": 5646}
{"preset": "glm-coding", "timeout_ms": 2000, "max_tokens": 256, "text": "go build ./...", "route": "shell", "confidence": 0.97, "reason": "standard Go build command", "error": null, "elapsed_ms": 1738}
{"preset": "glm-coding", "timeout_ms": 2000, "max_tokens": 256, "text": "go to the docs folder and summarize", "route": "agent", "confidence": 0.97, "reason": "natural-language request, not a command", "error": null, "elapsed_ms": 1722}
{"preset": "glm-coding", "timeout_ms": 2000, "max_tokens": 256, "text": "make the tests pass", "route": null, "confidence": null, "reason": null, "error": "timeout", "elapsed_ms": 2000}
{"preset": "glm-coding", "timeout_ms": 2000, "max_tokens": 256, "text": "install ripgrep", "route": null, "confidence": null, "reason": null, "error": "timeout", "elapsed_ms": 2001}
{"preset": "glm-coding", "timeout_ms": 2000, "max_tokens": 256, "text": "find where the config is loaded", "route": null, "confidence": null, "reason": null, "error": "timeout", "elapsed_ms": 2001}
{"preset": "glm-coding", "timeout_ms": 2000, "max_tokens": 256, "text": "kill it", "route": null, "confidence": null, "reason": null, "error": "timeout", "elapsed_ms": 2000}
{"preset": "glm-coding", "timeout_ms": 15000, "max_tokens": 256, "text": "go build ./...", "route": "shell", "confidence": 0.98, "reason": "standard Go build command", "error": null, "elapsed_ms": 1766}
{"preset": "glm-coding", "timeout_ms": 15000, "max_tokens": 256, "text": "go to the docs folder and summarize", "route": "agent", "confidence": 0.97, "reason": "Natural-language instruction, not a command", "error": null, "elapsed_ms": 4436}
{"preset": "glm-coding", "timeout_ms": 15000, "max_tokens": 256, "text": "make the tests pass", "route": "agent", "confidence": 0.95, "reason": "reads as natural-language request, not command", "error": null, "elapsed_ms": 11685}
{"preset": "glm-coding", "timeout_ms": 15000, "max_tokens": 256, "text": "install ripgrep", "route": "agent", "confidence": 0.9, "reason": "install needs source/dest args", "error": null, "elapsed_ms": 3188}
{"preset": "glm-coding", "timeout_ms": 15000, "max_tokens": 256, "text": "find where the config is loaded", "route": "agent", "confidence": 0.95, "reason": "reads as request, not find command", "error": null, "elapsed_ms": 1996}
{"preset": "glm-coding", "timeout_ms": 15000, "max_tokens": 256, "text": "kill it", "route": "agent", "confidence": 0.9, "reason": "'kill it' lacks PID; reads as instruction", "error": null, "elapsed_ms": 2391}
{"preset": "glm-coding", "timeout_ms": 15000, "max_tokens": 20, "text": "install ripgrep", "route": null, "confidence": null, "reason": null, "error": "Response was truncated or filtered; partial tools were not executed. Increase output limit or narrow the task.", "elapsed_ms": 2162}
