2026-09-22T01:14:06.992Z INFO relay.worker pane=e565c854 worker_start version=0.1.0 pid=3049991 level=info
2026-09-22T01:14:07.076Z INFO relay.worker pane=e565c854 configured model=glm-5.3 host=api.z.ai role=main skills=2 agents=3 stall_s=60 session=fa2b4cdd6b3b41eb9e60831a988da02c
2026-09-22T01:14:21.278Z INFO relay.worker pane=switchboard worker_start version=0.1.0 pid=3058899 level=debug
2026-09-22T01:14:21.306Z INFO relay.worker pane=switchboard configured model=glm-5.3 host=api.z.ai role=switchboard skills=2 agents=3 stall_s=60 session=015bc53300bd4980af467c36cb711849
2026-09-22T01:14:21.616Z INFO relay.worker pane=switchboard configured model=glm-5.3 host=api.z.ai role=switchboard skills=2 agents=3 stall_s=60 session=66a1b4639081cde80000a3d3d6a9f987
2026-09-22T01:15:09.183Z INFO relay.worker pane=switchboard configured model=glm-5.3 host=api.z.ai role=switchboard skills=2 agents=3 stall_s=60 session=b04363442f8f96fea25e933972a1b02d
2026-09-22T01:17:11.872Z INFO relay.worker pane=switchboard worker_start version=0.1.0 pid=3107656 level=debug
2026-09-22T01:17:11.894Z INFO relay.worker pane=switchboard configured model=glm-5.3 host=api.z.ai role=switchboard skills=2 agents=3 stall_s=60 session=d243f23401f84835bed6424b91c594df
2026-09-22T01:17:11.894Z ERROR relay.worker pane=switchboard protocol_error kind=board_refresh error=ValueError msg="This project has no board (no board/board.yaml, and no issues/board.yaml)."
2026-09-22T01:17:56.125Z INFO relay.worker pane=switchboard configured model=glm-5.3 host=api.z.ai role=switchboard skills=2 agents=3 stall_s=60 session=4856135825fb4671b1b45460534167d5
2026-09-22T01:17:56.126Z ERROR relay.worker pane=switchboard protocol_error kind=board_refresh error=ValueError msg="This project has no board (no board/board.yaml, and no issues/board.yaml)."
2026-09-22T01:18:10.449Z INFO relay.worker pane=switchboard worker_stop pid=3058899
2026-09-22T01:18:10.450Z INFO relay.worker pane=switchboard worker_stop pid=3107656
2026-09-22T01:18:10.450Z INFO relay.worker pane=e565c854 worker_stop pid=3049991
2026-09-22T01:18:16.760Z INFO relay.worker pane=62eeae2f worker_start version=0.1.0 pid=3115832 level=info
2026-09-22T01:18:16.876Z INFO relay.worker pane=62eeae2f configured model=glm-5.3 host=api.z.ai role=main skills=2 agents=3 stall_s=60 session=270d56532c934504a28aa171963e3a3f
2026-09-22T01:18:23.798Z INFO relay.worker pane=switchboard worker_start version=0.1.0 pid=3116373 level=debug
2026-09-22T01:18:23.823Z INFO relay.worker pane=switchboard configured model=glm-5.3 host=api.z.ai role=switchboard skills=2 agents=3 stall_s=60 session=09521a1dde344e3e8be3fdd8d15cf8c3
2026-09-22T01:18:24.075Z INFO relay.worker pane=switchboard configured model=glm-5.3 host=api.z.ai role=switchboard skills=2 agents=3 stall_s=60 session=b62d8e40aad27f66cb3c3131555f7aeb
2026-09-22T01:18:46.388Z INFO relay.worker pane=switchboard configured model=glm-5.3 host=api.z.ai role=switchboard skills=2 agents=3 stall_s=60 session=b36033230a574d9c1d3cba94e60f7106
2026-09-22T01:19:43.902Z INFO relay.worker pane=switchboard configured model=glm-5.3 host=api.z.ai role=switchboard skills=2 agents=3 stall_s=60 session=b36033230a574d9c1d3cba94e60f7106
2026-09-22T01:19:43.927Z INFO relay.worker pane=5e37cd11 worker_start version=0.1.0 pid=3122970 level=info
2026-09-22T01:19:44.010Z INFO relay.worker pane=switchboard configured model=glm-5.3 host=api.z.ai role=switchboard skills=2 agents=3 stall_s=60 session=b36033230a574d9c1d3cba94e60f7106
2026-09-22T01:19:44.331Z INFO relay.worker pane=5e37cd11 configured model=glm-5.3 host=api.z.ai role=main skills=2 agents=3 stall_s=60 session=6a3c3b00422b496ab6c0980cf70b2a62
2026-09-22T01:19:44.430Z INFO relay.worker pane=switchboard configured model=glm-5.3 host=api.z.ai role=switchboard skills=2 agents=3 stall_s=60 session=b36033230a574d9c1d3cba94e60f7106
2026-09-22T01:19:44.452Z INFO relay.agent pane=5e37cd11 turn_start session=6a3c3b00422b496ab6c0980cf70b2a62 turn=0d316a281d144fd2b4dd67d6f5bd134f model=glm-5.3 host=api.z.ai mode=build effort=high prompt_chars=5825 messages=1 stall_s=60 max_steps=500
2026-09-22T01:19:44.590Z INFO relay.worker pane=switchboard configured model=glm-5.3 host=api.z.ai role=switchboard skills=2 agents=3 stall_s=60 session=b36033230a574d9c1d3cba94e60f7106
2026-09-22T01:19:45.710Z ERROR relay.provider pane=5e37cd11 provider_http_retry model=glm-5.3 host=api.z.ai status=429 attempt=1 wait_s=0.45
2026-09-22T01:19:46.762Z ERROR relay.provider pane=5e37cd11 provider_http_retry model=glm-5.3 host=api.z.ai status=429 attempt=2 wait_s=0.99
2026-09-22T01:19:48.698Z ERROR relay.provider pane=5e37cd11 provider_http_retry model=glm-5.3 host=api.z.ai status=429 attempt=3 wait_s=1.52
2026-09-22T01:19:50.835Z ERROR relay.provider pane=5e37cd11 provider_http_retry model=glm-5.3 host=api.z.ai status=429 attempt=4 wait_s=3.27
2026-09-22T01:19:54.649Z ERROR relay.provider pane=5e37cd11 provider_http_retry model=glm-5.3 host=api.z.ai status=429 attempt=5 wait_s=6.15
2026-09-22T01:20:02.146Z ERROR relay.provider pane=5e37cd11 provider_http_retry model=glm-5.3 host=api.z.ai status=429 attempt=6 wait_s=6.72
2026-09-22T01:20:09.412Z ERROR relay.agent pane=5e37cd11 turn_end session=6a3c3b00422b496ab6c0980cf70b2a62 turn=0d316a281d144fd2b4dd67d6f5bd134f outcome=error ms=24959 thinking_ms=0 tools=0 retries=0 open_items=1 error="Provider HTTP 429 for glm-5.3 at api.z.ai (z.ai · glm-5.3 · coding plan). Check endpoint, model access, key, quota, and parameters."
2026-09-22T01:20:10.123Z INFO relay.hosted pane=5e37cd11 hosted_registered installation=9d41aab9902f expires_in=3599 plan=free
2026-09-22T01:20:34.678Z INFO relay.worker pane=switchboard worker_stop pid=3116373
2026-09-22T01:20:34.754Z INFO relay.worker pane=5e37cd11 worker_stop pid=3122970
2026-09-22T01:20:34.858Z INFO relay.worker pane=62eeae2f worker_stop pid=3115832
2026-09-22T01:20:40.972Z INFO relay.worker pane=88a2b273 worker_start version=0.1.0 pid=3126740 level=info
2026-09-22T01:20:41.085Z INFO relay.worker pane=88a2b273 configured model=kimi-k3 host=api.moonshot.ai role=main skills=2 agents=3 stall_s=60 session=f452f0e01658415487abe83b5aa53808
2026-09-22T01:20:59.840Z INFO relay.worker pane=switchboard worker_start version=0.1.0 pid=3128006 level=debug
2026-09-22T01:20:59.865Z INFO relay.worker pane=switchboard configured model=kimi-k3 host=api.moonshot.ai role=switchboard skills=2 agents=3 stall_s=60 session=a2e602158c41403c9446a6709c697e2f
2026-09-22T01:21:00.126Z INFO relay.worker pane=switchboard configured model=kimi-k3 host=api.moonshot.ai role=switchboard skills=2 agents=3 stall_s=60 session=a0668eed3dd305423743fb6e9ce45e6f
2026-09-22T01:21:04.845Z INFO relay.worker pane=switchboard configured model=kimi-k3 host=api.moonshot.ai role=switchboard skills=2 agents=3 stall_s=60 session=cc6850312052098e17649c94d3cbf43e
2026-09-22T01:21:28.142Z INFO relay.worker pane=switchboard configured model=kimi-k3 host=api.moonshot.ai role=switchboard skills=2 agents=3 stall_s=60 session=cc6850312052098e17649c94d3cbf43e
2026-09-22T01:21:28.194Z INFO relay.worker pane=d6cf0c66 worker_start version=0.1.0 pid=3133232 level=info
2026-09-22T01:21:28.322Z INFO relay.worker pane=d6cf0c66 configured model=kimi-k3 host=api.moonshot.ai role=main skills=2 agents=3 stall_s=60 session=a85afa69fbc246668f19dc9417244345
2026-09-22T01:21:28.616Z INFO relay.worker pane=switchboard configured model=kimi-k3 host=api.moonshot.ai role=switchboard skills=2 agents=3 stall_s=60 session=cc6850312052098e17649c94d3cbf43e
2026-09-22T01:21:28.638Z INFO relay.agent pane=d6cf0c66 turn_start session=a85afa69fbc246668f19dc9417244345 turn=274170d2d250472cb2931921dfc6e4a5 model=kimi-k3 host=api.moonshot.ai mode=build effort=high prompt_chars=5638 messages=1 stall_s=60 max_steps=500
2026-09-22T01:21:41.283Z INFO relay.agent pane=d6cf0c66 tool session=a85afa69fbc246668f19dc9417244345 turn=274170d2d250472cb2931921dfc6e4a5 call=list_directory_0_60794b8a tool=list_directory ok=False ms=0
2026-09-22T01:21:41.291Z INFO relay.agent pane=d6cf0c66 tool session=a85afa69fbc246668f19dc9417244345 turn=274170d2d250472cb2931921dfc6e4a5 call=run_command_1_bdf1296d tool=run_command ok=True ms=7 exit_code=0
2026-09-22T01:21:47.963Z INFO relay.agent pane=d6cf0c66 tool session=a85afa69fbc246668f19dc9417244345 turn=274170d2d250472cb2931921dfc6e4a5 call=read_file_2_92b850fd tool=read_file ok=False ms=0
2026-09-22T01:21:53.892Z INFO relay.agent pane=d6cf0c66 tool session=a85afa69fbc246668f19dc9417244345 turn=274170d2d250472cb2931921dfc6e4a5 call=run_command_3_bcd0a681 tool=run_command ok=True ms=10 exit_code=0
2026-09-22T01:22:05.156Z INFO relay.agent pane=d6cf0c66 tool session=a85afa69fbc246668f19dc9417244345 turn=274170d2d250472cb2931921dfc6e4a5 call=update_todos_4_a796a6a4 tool=update_todos ok=True ms=0
2026-09-22T01:22:05.161Z INFO relay.agent pane=d6cf0c66 tool session=a85afa69fbc246668f19dc9417244345 turn=274170d2d250472cb2931921dfc6e4a5 call=run_command_5_51dab65c tool=run_command ok=True ms=4 exit_code=0
2026-09-22T01:22:11.748Z INFO relay.agent pane=d6cf0c66 tool session=a85afa69fbc246668f19dc9417244345 turn=274170d2d250472cb2931921dfc6e4a5 call=run_command_6_c0a74269 tool=run_command ok=True ms=3 exit_code=0
2026-09-22T01:22:17.600Z INFO relay.agent pane=d6cf0c66 tool session=a85afa69fbc246668f19dc9417244345 turn=274170d2d250472cb2931921dfc6e4a5 call=run_command_7_5d19066e tool=run_command ok=True ms=4 exit_code=0
2026-09-22T01:22:36.246Z INFO relay.agent pane=d6cf0c66 tool session=a85afa69fbc246668f19dc9417244345 turn=274170d2d250472cb2931921dfc6e4a5 call=run_command_8_351914b6 tool=run_command ok=True ms=6 exit_code=0
2026-09-22T01:22:42.309Z INFO relay.agent pane=d6cf0c66 tool session=a85afa69fbc246668f19dc9417244345 turn=274170d2d250472cb2931921dfc6e4a5 call=run_command_9_d9690d6a tool=run_command ok=True ms=2 exit_code=0
2026-09-22T01:22:46.994Z INFO relay.agent pane=d6cf0c66 tool session=a85afa69fbc246668f19dc9417244345 turn=274170d2d250472cb2931921dfc6e4a5 call=run_command_10_d5e32730 tool=run_command ok=True ms=2 exit_code=0
2026-09-22T01:22:58.140Z INFO relay.agent pane=d6cf0c66 tool session=a85afa69fbc246668f19dc9417244345 turn=274170d2d250472cb2931921dfc6e4a5 call=run_command_11_a02a44dd tool=run_command ok=True ms=9 exit_code=0
2026-09-22T01:23:15.263Z INFO relay.agent pane=d6cf0c66 tool session=a85afa69fbc246668f19dc9417244345 turn=274170d2d250472cb2931921dfc6e4a5 call=run_command_12_3d4def14 tool=run_command ok=True ms=8017 exit_code=0
2026-09-22T01:23:15.763Z INFO relay.agent pane=d6cf0c66 tool session=a85afa69fbc246668f19dc9417244345 turn=274170d2d250472cb2931921dfc6e4a5 call=run_command_13_bc6f6a30 tool=run_command ok=True ms=499 exit_code=0
2026-09-22T01:23:41.496Z INFO relay.agent pane=d6cf0c66 tool session=a85afa69fbc246668f19dc9417244345 turn=274170d2d250472cb2931921dfc6e4a5 call=run_command_14_04b60c78 tool=run_command ok=True ms=8 exit_code=0
2026-09-22T01:23:56.000Z INFO relay.agent pane=d6cf0c66 tool session=a85afa69fbc246668f19dc9417244345 turn=274170d2d250472cb2931921dfc6e4a5 call=update_todos_15_cedc78e4 tool=update_todos ok=True ms=0
2026-09-22T01:23:56.006Z INFO relay.agent pane=d6cf0c66 tool session=a85afa69fbc246668f19dc9417244345 turn=274170d2d250472cb2931921dfc6e4a5 call=run_command_16_f976928e tool=run_command ok=True ms=5 exit_code=0
2026-09-22T01:24:03.881Z INFO relay.agent pane=d6cf0c66 tool session=a85afa69fbc246668f19dc9417244345 turn=274170d2d250472cb2931921dfc6e4a5 call=run_command_17_ae10d5c3 tool=run_command ok=True ms=6 exit_code=0
2026-09-22T01:24:12.895Z INFO relay.agent pane=d6cf0c66 tool session=a85afa69fbc246668f19dc9417244345 turn=274170d2d250472cb2931921dfc6e4a5 call=run_command_18_fd22c195 tool=run_command ok=True ms=7 exit_code=0
2026-09-22T01:25:22.382Z INFO relay.agent pane=d6cf0c66 tool session=a85afa69fbc246668f19dc9417244345 turn=274170d2d250472cb2931921dfc6e4a5 call=run_command_19_35b6532a tool=run_command ok=True ms=49777 exit_code=0
2026-09-22T01:25:31.988Z INFO relay.agent pane=d6cf0c66 tool session=a85afa69fbc246668f19dc9417244345 turn=274170d2d250472cb2931921dfc6e4a5 call=run_command_20_c0f6eba9 tool=run_command ok=True ms=703 exit_code=0
2026-09-22T01:25:45.240Z INFO relay.agent pane=d6cf0c66 tool session=a85afa69fbc246668f19dc9417244345 turn=274170d2d250472cb2931921dfc6e4a5 call=run_command_21_f4438bf2 tool=run_command ok=True ms=730 exit_code=0
2026-09-22T01:25:58.453Z INFO relay.agent pane=d6cf0c66 tool session=a85afa69fbc246668f19dc9417244345 turn=274170d2d250472cb2931921dfc6e4a5 call=run_command_22_c1e09de7 tool=run_command ok=True ms=724 exit_code=0
2026-09-22T01:26:49.769Z INFO relay.agent pane=d6cf0c66 tool session=a85afa69fbc246668f19dc9417244345 turn=274170d2d250472cb2931921dfc6e4a5 call=write_file_23_51ebe1e9 tool=write_file ok=True ms=10
2026-09-22T01:27:40.364Z INFO relay.agent pane=d6cf0c66 tool session=a85afa69fbc246668f19dc9417244345 turn=274170d2d250472cb2931921dfc6e4a5 call=run_command_24_64a02886 tool=run_command ok=True ms=41482 exit_code=0
2026-09-22T01:27:51.673Z INFO relay.agent pane=d6cf0c66 tool session=a85afa69fbc246668f19dc9417244345 turn=274170d2d250472cb2931921dfc6e4a5 call=run_command_25_c5fba86d tool=run_command ok=True ms=1611 exit_code=0
2026-09-22T01:29:00.562Z INFO relay.agent pane=d6cf0c66 tool session=a85afa69fbc246668f19dc9417244345 turn=274170d2d250472cb2931921dfc6e4a5 call=run_command_26_02708a90 tool=run_command ok=True ms=51673 exit_code=0
2026-09-22T01:29:11.292Z INFO relay.agent pane=d6cf0c66 tool session=a85afa69fbc246668f19dc9417244345 turn=274170d2d250472cb2931921dfc6e4a5 call=run_command_27_af98d910 tool=run_command ok=True ms=970 exit_code=0
2026-09-22T01:29:31.170Z INFO relay.agent pane=d6cf0c66 tool session=a85afa69fbc246668f19dc9417244345 turn=274170d2d250472cb2931921dfc6e4a5 call=run_command_28_1ab6e55a tool=run_command ok=True ms=962 exit_code=0
2026-09-22T01:29:48.496Z INFO relay.agent pane=d6cf0c66 tool session=a85afa69fbc246668f19dc9417244345 turn=274170d2d250472cb2931921dfc6e4a5 call=edit_file_29_826ca048 tool=edit_file ok=True ms=10
2026-09-22T01:30:52.938Z INFO relay.agent pane=d6cf0c66 tool session=a85afa69fbc246668f19dc9417244345 turn=274170d2d250472cb2931921dfc6e4a5 call=run_command_30_f9d5e87f tool=run_command ok=True ms=54887 exit_code=0
2026-09-22T01:31:00.837Z INFO relay.agent pane=d6cf0c66 tool session=a85afa69fbc246668f19dc9417244345 turn=274170d2d250472cb2931921dfc6e4a5 call=run_command_31_ab06560b tool=run_command ok=True ms=1141 exit_code=0
2026-09-22T01:31:24.656Z INFO relay.agent pane=d6cf0c66 tool session=a85afa69fbc246668f19dc9417244345 turn=274170d2d250472cb2931921dfc6e4a5 call=run_command_32_cab05932 tool=run_command ok=True ms=703 exit_code=0
2026-09-22T01:31:43.819Z INFO relay.agent pane=d6cf0c66 tool session=a85afa69fbc246668f19dc9417244345 turn=274170d2d250472cb2931921dfc6e4a5 call=edit_file_33_23783e1b tool=edit_file ok=True ms=9
2026-09-22T01:31:43.824Z INFO relay.agent pane=d6cf0c66 tool session=a85afa69fbc246668f19dc9417244345 turn=274170d2d250472cb2931921dfc6e4a5 call=edit_file_34_d9b0637b tool=edit_file ok=True ms=4
2026-09-22T01:32:49.717Z INFO relay.agent pane=d6cf0c66 tool session=a85afa69fbc246668f19dc9417244345 turn=274170d2d250472cb2931921dfc6e4a5 call=run_command_35_bec5cc06 tool=run_command ok=True ms=57574 exit_code=0
2026-09-22T01:32:59.318Z INFO relay.agent pane=d6cf0c66 tool session=a85afa69fbc246668f19dc9417244345 turn=274170d2d250472cb2931921dfc6e4a5 call=run_command_36_e33caa5e tool=run_command ok=True ms=888 exit_code=0
2026-09-22T01:34:10.614Z INFO relay.agent pane=d6cf0c66 tool session=a85afa69fbc246668f19dc9417244345 turn=274170d2d250472cb2931921dfc6e4a5 call=run_command_37_3d80aec5 tool=run_command ok=True ms=62857 exit_code=0
2026-09-22T01:34:23.862Z INFO relay.agent pane=d6cf0c66 tool session=a85afa69fbc246668f19dc9417244345 turn=274170d2d250472cb2931921dfc6e4a5 call=run_command_38_91a63ed2 tool=run_command ok=True ms=981 exit_code=0
2026-09-22T01:34:41.476Z INFO relay.agent pane=d6cf0c66 tool session=a85afa69fbc246668f19dc9417244345 turn=274170d2d250472cb2931921dfc6e4a5 call=run_command_39_1f37f0b8 tool=run_command ok=True ms=15 exit_code=0
2026-09-22T01:34:52.437Z INFO relay.agent pane=d6cf0c66 tool session=a85afa69fbc246668f19dc9417244345 turn=274170d2d250472cb2931921dfc6e4a5 call=run_command_40_fec71aa9 tool=run_command ok=True ms=17 exit_code=0
2026-09-22T01:35:08.745Z INFO relay.agent pane=d6cf0c66 tool session=a85afa69fbc246668f19dc9417244345 turn=274170d2d250472cb2931921dfc6e4a5 call=run_command_41_f2101588 tool=run_command ok=True ms=850 exit_code=0
2026-09-22T01:35:26.015Z INFO relay.agent pane=d6cf0c66 tool session=a85afa69fbc246668f19dc9417244345 turn=274170d2d250472cb2931921dfc6e4a5 call=run_command_42_df9aa7d4 tool=run_command ok=True ms=96 exit_code=0
2026-09-22T01:35:35.534Z INFO relay.agent pane=d6cf0c66 tool session=a85afa69fbc246668f19dc9417244345 turn=274170d2d250472cb2931921dfc6e4a5 call=run_command_43_3856f1e2 tool=run_command ok=True ms=13 exit_code=0
2026-09-22T01:35:44.549Z INFO relay.agent pane=d6cf0c66 tool session=a85afa69fbc246668f19dc9417244345 turn=274170d2d250472cb2931921dfc6e4a5 call=run_command_44_b73e51e1 tool=run_command ok=True ms=176 exit_code=0
2026-09-22T01:35:58.575Z INFO relay.agent pane=d6cf0c66 tool session=a85afa69fbc246668f19dc9417244345 turn=274170d2d250472cb2931921dfc6e4a5 call=run_command_45_5b5038af tool=run_command ok=True ms=3 exit_code=0
2026-09-22T01:36:06.251Z INFO relay.agent pane=d6cf0c66 tool session=a85afa69fbc246668f19dc9417244345 turn=274170d2d250472cb2931921dfc6e4a5 call=run_command_46_d5313288 tool=run_command ok=True ms=6 exit_code=0
2026-09-22T01:36:23.379Z INFO relay.agent pane=d6cf0c66 tool session=a85afa69fbc246668f19dc9417244345 turn=274170d2d250472cb2931921dfc6e4a5 call=run_command_47_75f53b33 tool=run_command ok=True ms=4 exit_code=0
2026-09-22T01:37:30.088Z INFO relay.agent pane=d6cf0c66 tool session=a85afa69fbc246668f19dc9417244345 turn=274170d2d250472cb2931921dfc6e4a5 call=run_command_48_c8790048 tool=run_command ok=True ms=49545 exit_code=0
2026-09-22T01:37:41.236Z INFO relay.agent pane=d6cf0c66 tool session=a85afa69fbc246668f19dc9417244345 turn=274170d2d250472cb2931921dfc6e4a5 call=run_command_49_8d059e10 tool=run_command ok=True ms=808 exit_code=0
2026-09-22T01:37:52.035Z INFO relay.agent pane=d6cf0c66 tool session=a85afa69fbc246668f19dc9417244345 turn=274170d2d250472cb2931921dfc6e4a5 call=run_command_50_05e3daf1 tool=run_command ok=True ms=827 exit_code=0
2026-09-22T01:40:10.700Z INFO relay.agent pane=d6cf0c66 tool session=a85afa69fbc246668f19dc9417244345 turn=274170d2d250472cb2931921dfc6e4a5 call=run_command_51_ca44e715 tool=run_command ok=True ms=124753 exit_code=0
2026-09-22T01:40:26.052Z INFO relay.agent pane=d6cf0c66 tool session=a85afa69fbc246668f19dc9417244345 turn=274170d2d250472cb2931921dfc6e4a5 call=run_command_52_974620dc tool=run_command ok=True ms=5 exit_code=0
2026-09-22T01:40:57.254Z INFO relay.agent pane=d6cf0c66 tool session=a85afa69fbc246668f19dc9417244345 turn=274170d2d250472cb2931921dfc6e4a5 call=run_command_53_1d32c5c4 tool=run_command ok=True ms=45 exit_code=0
2026-09-22T01:41:57.635Z INFO relay.agent pane=d6cf0c66 tool session=a85afa69fbc246668f19dc9417244345 turn=274170d2d250472cb2931921dfc6e4a5 call=write_file_54_26ce9242 tool=write_file ok=True ms=4
2026-09-22T01:41:57.638Z INFO relay.agent pane=d6cf0c66 tool session=a85afa69fbc246668f19dc9417244345 turn=274170d2d250472cb2931921dfc6e4a5 call=write_file_55_e787be4e tool=write_file ok=True ms=3
2026-09-22T01:42:12.728Z INFO relay.agent pane=d6cf0c66 tool session=a85afa69fbc246668f19dc9417244345 turn=274170d2d250472cb2931921dfc6e4a5 call=run_command_56_355ce9cf tool=run_command ok=True ms=4 exit_code=0
2026-09-22T01:42:12.729Z INFO relay.agent pane=d6cf0c66 tool session=a85afa69fbc246668f19dc9417244345 turn=274170d2d250472cb2931921dfc6e4a5 call=update_todos_57_216e7d99 tool=update_todos ok=True ms=0
2026-09-22T01:42:12.825Z INFO relay.agent pane=d6cf0c66 tool session=a85afa69fbc246668f19dc9417244345 turn=274170d2d250472cb2931921dfc6e4a5 call=board_read_58_51382107 tool=board_read ok=True ms=95
2026-09-22T01:43:18.917Z INFO relay.agent pane=d6cf0c66 tool session=a85afa69fbc246668f19dc9417244345 turn=274170d2d250472cb2931921dfc6e4a5 call=board_update_card_59_102b0a34 tool=board_update_card ok=True ms=71
2026-09-22T01:43:19.356Z INFO relay.worker pane=switchboard configured model=kimi-k3 host=api.moonshot.ai role=switchboard skills=2 agents=3 stall_s=60 session=cc6850312052098e17649c94d3cbf43e
2026-09-22T01:43:39.145Z INFO relay.agent pane=d6cf0c66 tool session=a85afa69fbc246668f19dc9417244345 turn=274170d2d250472cb2931921dfc6e4a5 call=board_update_card_60_e4b31df7 tool=board_update_card ok=True ms=75
2026-09-22T01:43:51.861Z INFO relay.agent pane=d6cf0c66 tool session=a85afa69fbc246668f19dc9417244345 turn=274170d2d250472cb2931921dfc6e4a5 call=board_comment_61_87c1ccf2 tool=board_comment ok=True ms=105
2026-09-22T01:44:00.809Z INFO relay.agent pane=d6cf0c66 tool session=a85afa69fbc246668f19dc9417244345 turn=274170d2d250472cb2931921dfc6e4a5 call=board_move_card_62_65a74deb tool=board_move_card ok=True ms=64
2026-09-22T01:44:16.318Z INFO relay.agent pane=d6cf0c66 tool session=a85afa69fbc246668f19dc9417244345 turn=274170d2d250472cb2931921dfc6e4a5 call=update_todos_63_b2f4e41a tool=update_todos ok=True ms=0
2026-09-22T01:44:33.292Z INFO relay.agent pane=d6cf0c66 turn_end session=a85afa69fbc246668f19dc9417244345 turn=274170d2d250472cb2931921dfc6e4a5 outcome=done ms=1384654 thinking_ms=492113 tools=64 retries=0 open_items=0
2026-09-22T01:44:34.063Z INFO relay.hosted pane=d6cf0c66 hosted_registered installation=9d41aab9902f expires_in=3599 plan=free
2026-09-22T01:44:50.102Z INFO relay.worker pane=switchboard configured model=kimi-k3 host=api.moonshot.ai role=switchboard skills=2 agents=3 stall_s=60 session=cc6850312052098e17649c94d3cbf43e
2026-09-22T01:44:50.333Z INFO relay.agent pane=switchboard turn_start session=1fcef97c88b140aea93f7252ce3c4401 turn=0a4e116b35544477b64906b07734ec35 model=kimi-k3 host=api.moonshot.ai mode=build effort=high prompt_chars=30681 messages=1 stall_s=60 max_steps=500
2026-09-22T01:45:01.206Z INFO relay.agent pane=switchboard tool session=1fcef97c88b140aea93f7252ce3c4401 turn=0a4e116b35544477b64906b07734ec35 call=board_read_0_c92136d5 tool=board_read ok=True ms=100
2026-09-22T01:45:01.207Z INFO relay.agent pane=switchboard tool session=1fcef97c88b140aea93f7252ce3c4401 turn=0a4e116b35544477b64906b07734ec35 call=list_directory_1_a16a9521 tool=list_directory ok=True ms=0
2026-09-22T01:45:11.023Z INFO relay.agent pane=switchboard tool session=1fcef97c88b140aea93f7252ce3c4401 turn=0a4e116b35544477b64906b07734ec35 call=read_file_2_b46d9c42 tool=read_file ok=True ms=0
2026-09-22T01:45:11.024Z INFO relay.agent pane=switchboard tool session=1fcef97c88b140aea93f7252ce3c4401 turn=0a4e116b35544477b64906b07734ec35 call=read_file_3_b76276be tool=read_file ok=True ms=0
2026-09-22T01:45:11.024Z INFO relay.agent pane=switchboard tool session=1fcef97c88b140aea93f7252ce3c4401 turn=0a4e116b35544477b64906b07734ec35 call=read_file_4_2a19064e tool=read_file ok=True ms=0
2026-09-22T01:46:09.197Z INFO relay.agent pane=switchboard tool session=1fcef97c88b140aea93f7252ce3c4401 turn=0a4e116b35544477b64906b07734ec35 call=update_todos_5_0d13fa14 tool=update_todos ok=True ms=0
2026-09-22T01:46:09.204Z INFO relay.agent pane=switchboard tool session=1fcef97c88b140aea93f7252ce3c4401 turn=0a4e116b35544477b64906b07734ec35 call=run_command_6_5ba9379c tool=run_command ok=True ms=6 exit_code=0
2026-09-22T01:46:18.586Z INFO relay.agent pane=switchboard tool session=1fcef97c88b140aea93f7252ce3c4401 turn=0a4e116b35544477b64906b07734ec35 call=read_file_7_64bd1b1e tool=read_file ok=True ms=0
2026-09-22T01:47:21.709Z INFO relay.agent pane=switchboard tool session=1fcef97c88b140aea93f7252ce3c4401 turn=0a4e116b35544477b64906b07734ec35 call=run_command_8_b4f017ff tool=run_command ok=True ms=41466 exit_code=0
2026-09-22T01:47:31.865Z INFO relay.agent pane=switchboard tool session=1fcef97c88b140aea93f7252ce3c4401 turn=0a4e116b35544477b64906b07734ec35 call=run_command_9_651a34d9 tool=run_command ok=True ms=863 exit_code=0
2026-09-22T01:49:18.312Z INFO relay.agent pane=switchboard tool session=1fcef97c88b140aea93f7252ce3c4401 turn=0a4e116b35544477b64906b07734ec35 call=write_file_10_5cb37481 tool=write_file ok=True ms=10
2026-09-22T01:50:08.093Z INFO relay.agent pane=switchboard tool session=1fcef97c88b140aea93f7252ce3c4401 turn=0a4e116b35544477b64906b07734ec35 call=run_command_11_b426aad1 tool=run_command ok=True ms=32858 exit_code=0
2026-09-22T01:50:46.631Z INFO relay.agent pane=switchboard tool session=1fcef97c88b140aea93f7252ce3c4401 turn=0a4e116b35544477b64906b07734ec35 call=write_file_12_c66cc5fc tool=write_file ok=True ms=10
2026-09-22T01:50:46.636Z INFO relay.agent pane=switchboard tool session=1fcef97c88b140aea93f7252ce3c4401 turn=0a4e116b35544477b64906b07734ec35 call=write_file_13_5b52f44a tool=write_file ok=True ms=4
2026-09-22T01:51:02.780Z INFO relay.agent pane=switchboard tool session=1fcef97c88b140aea93f7252ce3c4401 turn=0a4e116b35544477b64906b07734ec35 call=board_update_card_14_33698c7b tool=board_update_card ok=True ms=72
2026-09-22T01:51:20.141Z INFO relay.agent pane=switchboard tool session=1fcef97c88b140aea93f7252ce3c4401 turn=0a4e116b35544477b64906b07734ec35 call=board_comment_15_144de96e tool=board_comment ok=True ms=80
2026-09-22T01:51:32.838Z INFO relay.agent pane=switchboard tool session=1fcef97c88b140aea93f7252ce3c4401 turn=0a4e116b35544477b64906b07734ec35 call=update_todos_16_5d65b87c tool=update_todos ok=True ms=0
2026-09-22T01:51:42.220Z INFO relay.agent pane=switchboard turn_end session=1fcef97c88b140aea93f7252ce3c4401 turn=0a4e116b35544477b64906b07734ec35 outcome=done ms=411887 thinking_ms=239139 tools=17 retries=0 open_items=0
2026-09-22T01:51:42.832Z INFO relay.hosted pane=switchboard hosted_registered installation=9d41aab9902f expires_in=3599 plan=free
