[Thread debugging using libthread_db enabled]
Using host libthread_db library "/lib/aarch64-linux-gnu/libthread_db.so.1".
[New Thread 0xfffff13ff100 (LWP 3039784)]
[New Thread 0xffffde52f100 (LWP 3039785)]
[New Thread 0xffffd5bff100 (LWP 3039786)]
[New Thread 0xffffddd1f100 (LWP 3039787)]
[New Thread 0xffffdd50f100 (LWP 3039788)]
[New Thread 0xffffdccff100 (LWP 3039789)]
[New Thread 0xffffd7fff100 (LWP 3039790)]
[New Thread 0xffffd77ef100 (LWP 3039791)]
[New Thread 0xffffd6fdf100 (LWP 3039792)]
[New Thread 0xffffd67cf100 (LWP 3039793)]
[New Thread 0xffffd53ef100 (LWP 3039794)]
[New Thread 0xffffd4bdf100 (LWP 3039795)]
[New Thread 0xffffaffff100 (LWP 3039796)]
[New Thread 0xffffaf7ef100 (LWP 3039797)]
[New Thread 0xffffaefdf100 (LWP 3039798)]
[New Thread 0xffffae7cf100 (LWP 3039799)]
[New Thread 0xffffadfbf100 (LWP 3039800)]
[New Thread 0xffffad7af100 (LWP 3039801)]
[New Thread 0xffffacf9f100 (LWP 3039802)]
[New Thread 0xffff93fff100 (LWP 3039803)]
[New Thread 0xffff937ef100 (LWP 3039804)]
[New Thread 0xffff92fdf100 (LWP 3039805)]
[New Thread 0xffff927cf100 (LWP 3039806)]
[New Thread 0xffff91fbf100 (LWP 3039807)]
[New Thread 0xffff917af100 (LWP 3039808)]
[New Thread 0xffff90f9f100 (LWP 3039809)]
[New Thread 0xffff73fff100 (LWP 3039810)]
[New Thread 0xffff737ef100 (LWP 3039811)]
[New Thread 0xffff72fdf100 (LWP 3039812)]
[New Thread 0xffff727cf100 (LWP 3039813)]
[New Thread 0xffff71fbf100 (LWP 3039814)]
[New Thread 0xffff717af100 (LWP 3039815)]
[New Thread 0xffff70f9f100 (LWP 3039816)]
[New Thread 0xffff67fff100 (LWP 3039817)]
[New Thread 0xffff677ef100 (LWP 3039818)]
[New Thread 0xffff66fdf100 (LWP 3039819)]
[New Thread 0xffff667cf100 (LWP 3039820)]
[New Thread 0xffff65fbf100 (LWP 3039821)]
[New Thread 0xffff657af100 (LWP 3039822)]
[New Thread 0xffff64f9f100 (LWP 3039823)]
[New Thread 0xffff2ffff100 (LWP 3039824)]
[New Thread 0xffff2f7ef100 (LWP 3039825)]
[New Thread 0xffff2efdf100 (LWP 3039826)]
[New Thread 0xffff2e7cf100 (LWP 3039827)]
[New Thread 0xffff2dfbf100 (LWP 3039828)]
[New Thread 0xffff2d7af100 (LWP 3039829)]
[New Thread 0xffff2cf9f100 (LWP 3039830)]
[Detaching after fork from child process 3039831]
[Detaching after fork from child process 3039832]
[New Thread 0xffff0f3ff100 (LWP 3039833)]
[Detaching after fork from child process 3039846]
[Detaching after fork from child process 3039956]
[Thread 0xffff2cf9f100 (LWP 3039830) exited]
[Thread 0xffff2dfbf100 (LWP 3039828) exited]
[Thread 0xffff2e7cf100 (LWP 3039827) exited]
[Thread 0xffff2d7af100 (LWP 3039829) exited]
[Thread 0xffff0f3ff100 (LWP 3039833) exited]
[New Thread 0xffff0f3ff100 (LWP 3042813)]
[Thread 0xfffff13ff100 (LWP 3039784) exited]
[Thread 0xffff2ffff100 (LWP 3039824) exited]
[Thread 0xffff64f9f100 (LWP 3039823) exited]
[Thread 0xffff657af100 (LWP 3039822) exited]
[Thread 0xffff65fbf100 (LWP 3039821) exited]
[Thread 0xffff667cf100 (LWP 3039820) exited]
[Thread 0xffff66fdf100 (LWP 3039819) exited]
[Thread 0xffff677ef100 (LWP 3039818) exited]
[Thread 0xffff67fff100 (LWP 3039817) exited]
[Thread 0xffff70f9f100 (LWP 3039816) exited]
[Thread 0xffff717af100 (LWP 3039815) exited]
[Thread 0xffff71fbf100 (LWP 3039814) exited]
[Thread 0xffff727cf100 (LWP 3039813) exited]
[Thread 0xffff72fdf100 (LWP 3039812) exited]
[Thread 0xffff737ef100 (LWP 3039811) exited]
[Thread 0xffff73fff100 (LWP 3039810) exited]
[Thread 0xffff90f9f100 (LWP 3039809) exited]
[Thread 0xffff917af100 (LWP 3039808) exited]
[Thread 0xffff91fbf100 (LWP 3039807) exited]
[Thread 0xffff927cf100 (LWP 3039806) exited]
[Thread 0xffff92fdf100 (LWP 3039805) exited]
[Thread 0xffff937ef100 (LWP 3039804) exited]
[Thread 0xffff93fff100 (LWP 3039803) exited]
[Thread 0xffffacf9f100 (LWP 3039802) exited]
[Thread 0xffffad7af100 (LWP 3039801) exited]
[Thread 0xffffadfbf100 (LWP 3039800) exited]
[Thread 0xffffae7cf100 (LWP 3039799) exited]
[Thread 0xffffaefdf100 (LWP 3039798) exited]
[Thread 0xffffaf7ef100 (LWP 3039797) exited]
[Thread 0xffffaffff100 (LWP 3039796) exited]
[Thread 0xffffd4bdf100 (LWP 3039795) exited]
[Thread 0xffffd53ef100 (LWP 3039794) exited]
[Thread 0xffffd67cf100 (LWP 3039793) exited]
[Thread 0xffffd6fdf100 (LWP 3039792) exited]
[Thread 0xffffd77ef100 (LWP 3039791) exited]
[Thread 0xffffd7fff100 (LWP 3039790) exited]
[Thread 0xffffdccff100 (LWP 3039789) exited]
[Thread 0xffffdd50f100 (LWP 3039788) exited]
[Thread 0xffffddd1f100 (LWP 3039787) exited]
[Thread 0xffffd5bff100 (LWP 3039786) exited]
[Thread 0xffffde52f100 (LWP 3039785) exited]
[Thread 0xffff2f7ef100 (LWP 3039825) exited]
QProcess: Destroyed while process ("python3") is still running.
[Thread 0xffff2efdf100 (LWP 3039826) exited]
[Thread 0xfffff7f98a80 (LWP 3039781) exited]
[Thread 0xffff0f3ff100 (LWP 3042813) exited]
[New process 3039781]
[Inferior 1 (process 3039781) exited normally]
No stack.
No frame selected.
