[Thread debugging using libthread_db enabled]
Using host libthread_db library "/lib/aarch64-linux-gnu/libthread_db.so.1".
[New Thread 0xfffff13ff100 (LWP 3031758)]
[New Thread 0xffffde52f100 (LWP 3031761)]
[New Thread 0xffffddd1f100 (LWP 3031762)]
[New Thread 0xffffdd50f100 (LWP 3031763)]
[New Thread 0xffffdccff100 (LWP 3031764)]
[New Thread 0xffffcffff100 (LWP 3031765)]
[New Thread 0xffffcf7ef100 (LWP 3031766)]
[New Thread 0xffffcefdf100 (LWP 3031767)]
[New Thread 0xffffce7cf100 (LWP 3031768)]
[New Thread 0xffffcdfbf100 (LWP 3031769)]
[New Thread 0xffffcd7af100 (LWP 3031770)]
[New Thread 0xffffccf9f100 (LWP 3031771)]
[New Thread 0xffffc7fff100 (LWP 3031772)]
[New Thread 0xffffc77ef100 (LWP 3031773)]
[New Thread 0xffffc6fdf100 (LWP 3031774)]
[New Thread 0xffffc67cf100 (LWP 3031775)]
[New Thread 0xffffc5fbf100 (LWP 3031776)]
[New Thread 0xffffc57af100 (LWP 3031777)]
[New Thread 0xffffc4f9f100 (LWP 3031778)]
[New Thread 0xffff8ffff100 (LWP 3031779)]
[New Thread 0xffff8f7ef100 (LWP 3031780)]
[New Thread 0xffff8efdf100 (LWP 3031781)]
[New Thread 0xffff8e7cf100 (LWP 3031782)]
[New Thread 0xffff8dfbf100 (LWP 3031783)]
[New Thread 0xffff8d7af100 (LWP 3031784)]
[New Thread 0xffff8cf9f100 (LWP 3031785)]
[New Thread 0xffff6ffff100 (LWP 3031786)]
[New Thread 0xffff6f7ef100 (LWP 3031787)]
[New Thread 0xffff6efdf100 (LWP 3031788)]
[New Thread 0xffff6e7cf100 (LWP 3031789)]
[New Thread 0xffff6dfbf100 (LWP 3031790)]
[New Thread 0xffff6d7af100 (LWP 3031791)]
[New Thread 0xffff6cf9f100 (LWP 3031792)]
[New Thread 0xffff53fff100 (LWP 3031793)]
[New Thread 0xffff537ef100 (LWP 3031794)]
[New Thread 0xffff52fdf100 (LWP 3031795)]
[New Thread 0xffff527cf100 (LWP 3031796)]
[New Thread 0xffff51fbf100 (LWP 3031797)]
[New Thread 0xffff517af100 (LWP 3031798)]
[New Thread 0xffff50f9f100 (LWP 3031799)]
[New Thread 0xffff37fff100 (LWP 3031800)]
[New Thread 0xffff377ef100 (LWP 3031801)]
[New Thread 0xffff36fdf100 (LWP 3031802)]
[New Thread 0xffff367cf100 (LWP 3031803)]
[New Thread 0xffff35fbf100 (LWP 3031804)]
[New Thread 0xffff357af100 (LWP 3031805)]
[New Thread 0xffff34f9f100 (LWP 3031806)]
[Detaching after fork from child process 3031807]
[Detaching after fork from child process 3031808]
[New Thread 0xffff0f3ff100 (LWP 3031809)]
[Detaching after fork from child process 3032955]
[Detaching after fork from child process 3032962]
[Detaching after fork from child process 3033699]
[Thread 0xffff34f9f100 (LWP 3031806) exited]
[Thread 0xffff357af100 (LWP 3031805) exited]
[Thread 0xffff35fbf100 (LWP 3031804) exited]
[Thread 0xffff367cf100 (LWP 3031803) exited]
[New Thread 0xffff34f9f100 (LWP 3035267)]
[New Thread 0xffff367cf100 (LWP 3035268)]
[New Thread 0xffff35fbf100 (LWP 3035269)]
[New Thread 0xffff357af100 (LWP 3035270)]
[Detaching after fork from child process 3035352]
[Detaching after fork from child process 3035353]
[New Thread 0xffff0d1ff100 (LWP 3035354)]
[Detaching after fork from child process 3036202]
[Detaching after fork from child process 3036203]
[New Thread 0xffff0c9ef100 (LWP 3036204)]
[Thread 0xffff357af100 (LWP 3035270) exited]
[Thread 0xffff35fbf100 (LWP 3035269) exited]
[Thread 0xffff367cf100 (LWP 3035268) exited]
[Thread 0xffff34f9f100 (LWP 3035267) exited]
[New Thread 0xffff357af100 (LWP 3037587)]
[New Thread 0xffff34f9f100 (LWP 3037588)]
[New Thread 0xffff367cf100 (LWP 3037589)]
[New Thread 0xffff35fbf100 (LWP 3037590)]
[Detaching after fork from child process 3038529]
[Detaching after fork from child process 3039055]
[Thread 0xffff35fbf100 (LWP 3037590) exited]
[Thread 0xffff367cf100 (LWP 3037589) exited]
[Thread 0xffff34f9f100 (LWP 3037588) exited]
[Thread 0xffff357af100 (LWP 3037587) exited]
[Thread 0xffff0c9ef100 (LWP 3036204) exited]
[New Thread 0xffff0c9ef100 (LWP 3039764)]
[Thread 0xffff0d1ff100 (LWP 3035354) exited]
[New Thread 0xffff0d1ff100 (LWP 3039768)]
[Thread 0xffff0f3ff100 (LWP 3031809) exited]
[New Thread 0xffff0f3ff100 (LWP 3039769)]
[Thread 0xffff0c9ef100 (LWP 3039764) exited]
[Thread 0xfffff13ff100 (LWP 3031758) exited]
[Thread 0xffff37fff100 (LWP 3031800) exited]
[Thread 0xffff527cf100 (LWP 3031796) exited]
[Thread 0xffff53fff100 (LWP 3031793) exited]
[Thread 0xffff6cf9f100 (LWP 3031792) exited]
[Thread 0xffff6f7ef100 (LWP 3031787) exited]
[Thread 0xffff6ffff100 (LWP 3031786) exited]
[Thread 0xffff8cf9f100 (LWP 3031785) exited]
[Thread 0xffff8d7af100 (LWP 3031784) exited]
[Thread 0xffff8dfbf100 (LWP 3031783) exited]
[Thread 0xffff8e7cf100 (LWP 3031782) exited]
[Thread 0xffff6efdf100 (LWP 3031788) exited]
[Thread 0xffff6dfbf100 (LWP 3031790) exited]
[Thread 0xffff6e7cf100 (LWP 3031789) exited]
[Thread 0xffff6d7af100 (LWP 3031791) exited]
[Thread 0xffff8efdf100 (LWP 3031781) exited]
[Thread 0xffff50f9f100 (LWP 3031799) exited]
[Thread 0xffff517af100 (LWP 3031798) exited]
[Thread 0xffff51fbf100 (LWP 3031797) exited]
[Thread 0xffff52fdf100 (LWP 3031795) exited]
[Thread 0xffff537ef100 (LWP 3031794) exited]
[Thread 0xffff8f7ef100 (LWP 3031780) exited]
[Thread 0xffffc4f9f100 (LWP 3031778) exited]
[Thread 0xffffc57af100 (LWP 3031777) exited]
[Thread 0xffffc5fbf100 (LWP 3031776) exited]
[Thread 0xffffc67cf100 (LWP 3031775) exited]
[Thread 0xffffc6fdf100 (LWP 3031774) exited]
[Thread 0xffffc77ef100 (LWP 3031773) exited]
[Thread 0xffffc7fff100 (LWP 3031772) exited]
[Thread 0xffffccf9f100 (LWP 3031771) exited]
[Thread 0xffffcd7af100 (LWP 3031770) exited]
[Thread 0xffffcdfbf100 (LWP 3031769) exited]
[Thread 0xffff8ffff100 (LWP 3031779) exited]
[Thread 0xffffce7cf100 (LWP 3031768) exited]
[Thread 0xffffcefdf100 (LWP 3031767) exited]
[Thread 0xffffcf7ef100 (LWP 3031766) exited]
[Thread 0xffffcffff100 (LWP 3031765) exited]
[Thread 0xffffdccff100 (LWP 3031764) exited]
[Thread 0xffffdd50f100 (LWP 3031763) exited]
[Thread 0xffffddd1f100 (LWP 3031762) exited]
[Thread 0xffffde52f100 (LWP 3031761) exited]
[Thread 0xffff377ef100 (LWP 3031801) exited]
QProcess: Destroyed while process ("python3") is still running.
[Thread 0xffff36fdf100 (LWP 3031802) exited]
[Thread 0xffff0d1ff100 (LWP 3039768) exited]
[Thread 0xfffff7f98a80 (LWP 3031753) exited]
[Thread 0xffff0f3ff100 (LWP 3039769) exited]
[New process 3031753]
[Inferior 1 (process 3031753) exited normally]
No stack.
No frame selected.
