[wmh] placeToast pos=1074,535
[wmh] toast shown pos=1074,535 size=152x34 visibleRegion=152x34
[wmh] placeToast pos=581,535
[wmh] toast shown pos=581,535 size=645x34 visibleRegion=645x34
[wmh] placeToast pos=739,535
[wmh] toast shown pos=739,535 size=487x34 visibleRegion=487x34
[wmh] placeToast pos=879,615
[wmh] placeToast pos=879,615
[wmh] placeToast pos=1100,615
[wmh] toast shown pos=1100,615 size=266x34 visibleRegion=266x34
[wmh] placeToast pos=1031,615
[wmh] toast shown pos=1031,615 size=335x34 visibleRegion=335x34
[wmh] placeToast pos=1031,608
[wmh] placeToast pos=1031,608
[wmh] dispatch route=shell mode=shell valid=1 signal=1 text='find the largest files'
[wmh] runInTerminal watch=1 natural=1 text='find the largest files'
[wmh] placeToast pos=1214,605
[wmh] toast shown pos=1214,605 size=152x34 visibleRegion=152x34
[wmh] ready fail: natural=1 mode=shell
[wmh] wrongModeHint towardAgent=1 key='Ctrl+I'
[wmh] hint id=mode.requestInTerminal: showing
[wmh] placeToast pos=860,605
[wmh] toast shown pos=860,605 size=506x34 visibleRegion=506x34
[wmh] placeToast pos=860,608
[wmh] placeToast pos=860,608
[wmh] dispatch route=shell mode=shell valid=0 signal=1 text='how do I list files by size'
[wmh] wrongModeHint towardAgent=1 key='Ctrl+I'
[wmh] hint id=mode.requestInTerminal: gated
