--- windows before 01-agent-inline
  2097162 WINDOW=2097162 X=0 Y=0 WIDTH=1320 HEIGHT=860 SCREEN=0  'Relay — /tmp/relay-demo/project'
  2097176 WINDOW=2097176 X=0 Y=0 WIDTH=8 HEIGHT=19 SCREEN=0  'relay'
--- windows before 02-splits
  2097162 WINDOW=2097162 X=0 Y=0 WIDTH=1320 HEIGHT=860 SCREEN=0  'Relay — /tmp/relay-demo/project'
  2097176 WINDOW=2097176 X=0 Y=0 WIDTH=8 HEIGHT=19 SCREEN=0  'relay'
  2097189 WINDOW=2097189 X=0 Y=0 WIDTH=8 HEIGHT=19 SCREEN=0  'relay'
  2097194 WINDOW=2097194 X=0 Y=0 WIDTH=8 HEIGHT=19 SCREEN=0  'relay'
--- windows before 03-file-panes
  2097162 WINDOW=2097162 X=0 Y=0 WIDTH=1320 HEIGHT=860 SCREEN=0  'Relay — /tmp/relay-demo/project'
  2097176 WINDOW=2097176 X=0 Y=0 WIDTH=8 HEIGHT=19 SCREEN=0  'relay'
  2097189 WINDOW=2097189 X=0 Y=0 WIDTH=8 HEIGHT=19 SCREEN=0  'relay'
  2097194 WINDOW=2097194 X=0 Y=0 WIDTH=8 HEIGHT=19 SCREEN=0  'relay'
--- windows before 04-palette
  2097162 WINDOW=2097162 X=0 Y=0 WIDTH=1320 HEIGHT=860 SCREEN=0  'Relay — /tmp/relay-demo/project'
  2097176 WINDOW=2097176 X=0 Y=0 WIDTH=8 HEIGHT=19 SCREEN=0  'relay'
  2097189 WINDOW=2097189 X=0 Y=0 WIDTH=8 HEIGHT=19 SCREEN=0  'relay'
  2097194 WINDOW=2097194 X=0 Y=0 WIDTH=8 HEIGHT=19 SCREEN=0  'relay'
--- windows before 05-conversations
  2097162 WINDOW=2097162 X=0 Y=0 WIDTH=1320 HEIGHT=860 SCREEN=0  'Relay — /tmp/relay-demo/project'
  2097176 WINDOW=2097176 X=0 Y=0 WIDTH=8 HEIGHT=19 SCREEN=0  'relay'
  2097189 WINDOW=2097189 X=0 Y=0 WIDTH=8 HEIGHT=19 SCREEN=0  'relay'
  2097194 WINDOW=2097194 X=0 Y=0 WIDTH=8 HEIGHT=19 SCREEN=0  'relay'
  2097199 WINDOW=2097199 X=110 Y=70 WIDTH=1091 HEIGHT=640 SCREEN=0  'Conversations'
