2026-09-20T02:45:52.639Z ERROR relay.gui gui_crash signal=11 name=SIGSEGV code=1 addr=0x180000003b pid=1917962 uptime_s=38 build=2026-09-19.22H.03
2026-09-20T02:45:52.639Z ERROR relay.gui gui_crash_frames_begin count=28
/home/elliott/repos/relay-terminal/build/relay(+0x4a98b0)[0xaaaaaaf498b0]
linux-vdso.so.1(__kernel_rt_sigreturn+0x0)[0xfffff7ffaa60]
/home/elliott/repos/relay-terminal/build/relay(_ZN5relay9BoardView15setCardPriorityERK7QStringi+0xfc)[0xaaaaaafe770c]
/home/elliott/repos/relay-terminal/build/relay(_ZN5relay7RowList15mousePressEventEP11QMouseEvent+0x2dc)[0xaaaaab000c9c]
/lib/aarch64-linux-gnu/libQt5Widgets.so.5(_ZN7QWidget5eventEP6QEvent+0x20c)[0xfffff764a42c]
/lib/aarch64-linux-gnu/libQt5Widgets.so.5(_ZN6QFrame5eventEP6QEvent+0x30)[0xfffff76f0a00]
/lib/aarch64-linux-gnu/libQt5Core.so.5(_ZN23QCoreApplicationPrivate29sendThroughObjectEventFiltersEP7QObjectP6QEvent+0xc8)[0xfffff6aec15c]
/lib/aarch64-linux-gnu/libQt5Widgets.so.5(_ZN19QApplicationPrivate13notify_helperEP7QObjectP6QEvent+0x40)[0xfffff7602a90]
/lib/aarch64-linux-gnu/libQt5Widgets.so.5(_ZN12QApplication6notifyEP7QObjectP6QEvent+0x35c)[0xfffff760a97c]
/lib/aarch64-linux-gnu/libQt5Core.so.5(_ZN16QCoreApplication15notifyInternal2EP7QObjectP6QEvent+0x14c)[0xfffff6aec460]
/lib/aarch64-linux-gnu/libQt5Widgets.so.5(_ZN19QApplicationPrivate14sendMouseEventEP7QWidgetP11QMouseEventS1_S1_PS1_R8QPointerIS0_Ebb+0x1ac)[0xfffff7609bf0]
/lib/aarch64-linux-gnu/libQt5Widgets.so.5(+0x1c5510)[0xfffff7665510]
/lib/aarch64-linux-gnu/libQt5Widgets.so.5(+0x1c837c)[0xfffff766837c]
/lib/aarch64-linux-gnu/libQt5Widgets.so.5(_ZN19QApplicationPrivate13notify_helperEP7QObjectP6QEvent+0x58)[0xfffff7602aa8]
/lib/aarch64-linux-gnu/libQt5Core.so.5(_ZN16QCoreApplication15notifyInternal2EP7QObjectP6QEvent+0x14c)[0xfffff6aec460]
/lib/aarch64-linux-gnu/libQt5Gui.so.5(_ZN22QGuiApplicationPrivate17processMouseEventEPN29QWindowSystemInterfacePrivate10MouseEventE+0x8c8)[0xfffff6ef7598]
/lib/aarch64-linux-gnu/libQt5Gui.so.5(_ZN22QWindowSystemInterface22sendWindowSystemEventsE6QFlagsIN10QEventLoop17ProcessEventsFlagEE+0xdc)[0xfffff6eca680]
/lib/aarch64-linux-gnu/libQt5XcbQpa.so.5(+0x73c8c)[0xfffff1cd3c8c]
/lib/aarch64-linux-gnu/libglib-2.0.so.0(+0x5f90c)[0xfffff56ef90c]
/lib/aarch64-linux-gnu/libglib-2.0.so.0(+0xc1ae8)[0xfffff5751ae8]
/lib/aarch64-linux-gnu/libglib-2.0.so.0(g_main_context_iteration+0x38)[0xfffff56eebc8]
/lib/aarch64-linux-gnu/libQt5Core.so.5(_ZN20QEventDispatcherGlib13processEventsE6QFlagsIN10QEventLoop17ProcessEventsFlagEE+0x58)[0xfffff6b58c7c]
/lib/aarch64-linux-gnu/libQt5Core.so.5(_ZN10QEventLoop4execE6QFlagsINS_17ProcessEventsFlagEE+0x144)[0xfffff6aea614]
/lib/aarch64-linux-gnu/libQt5Core.so.5(_ZN16QCoreApplication4execEv+0xa0)[0xfffff6af4590]
/home/elliott/repos/relay-terminal/build/relay(main+0xcf4)[0xaaaaaac66594]
/lib/aarch64-linux-gnu/libc.so.6(+0x284c4)[0xfffff63084c4]
/lib/aarch64-linux-gnu/libc.so.6(__libc_start_main+0x98)[0xfffff6308598]
/home/elliott/repos/relay-terminal/build/relay(_start+0x30)[0xaaaaaac673b0]
2026-09-20T02:45:52.640Z ERROR relay.gui gui_crash_frames_end · names: addr2line -fCe build/relay <+0x…> · every thread: scripts/relay-debug
