===== DUMP =====
core=libvterm rows=30 cols=100 altScreen=0 history=0 viewportTop=0 cursor=5,0 fgpid=255267 bytes=0 paints=5
title= cwd=-
folds prefix=relay://call/ known=3 expanded=0 visualRows=0 visualTop=0 atBottom=1
  relay://call/demo/1/run rows=14 anchor=1..1 shut
  relay://call/demo/1/edit rows=6 anchor=2..2 shut
  relay://call/demo/1/read rows=300 anchor=3..3 shut
--- historyText(5) ---

--- screenText() ---
relay  agent turn 1
  ran python script · 14 lines · exit 0 · 1.2 s
  edited engine/view/FoldLayer.cpp · +6 −2
  read 300 lines of build.log
done.

























===== DUMP =====
core=libvterm rows=30 cols=100 altScreen=0 history=0 viewportTop=0 cursor=5,0 fgpid=255267 bytes=0 paints=9
title= cwd=-
folds prefix=relay://call/ known=3 expanded=1 visualRows=14 visualTop=0 atBottom=0
  relay://call/demo/1/run rows=14 anchor=1..1 open
  relay://call/demo/1/edit rows=6 anchor=2..2 shut
  relay://call/demo/1/read rows=300 anchor=3..3 shut
--- historyText(5) ---

--- screenText() ---
relay  agent turn 1
  ran python script · 14 lines · exit 0 · 1.2 s
  edited engine/view/FoldLayer.cpp · +6 −2
  read 300 lines of build.log
done.

























===== DUMP =====
core=libvterm rows=30 cols=100 altScreen=0 history=0 viewportTop=0 cursor=5,0 fgpid=255267 bytes=0 paints=13
title= cwd=-
folds prefix=relay://call/ known=3 expanded=2 visualRows=20 visualTop=0 atBottom=0
  relay://call/demo/1/run rows=14 anchor=1..1 open
  relay://call/demo/1/edit rows=6 anchor=2..2 open
  relay://call/demo/1/read rows=300 anchor=3..3 shut
--- historyText(5) ---

--- screenText() ---
relay  agent turn 1
  ran python script · 14 lines · exit 0 · 1.2 s
  edited engine/view/FoldLayer.cpp · +6 −2
  read 300 lines of build.log
done.

























===== DUMP =====
core=libvterm rows=30 cols=100 altScreen=0 history=0 viewportTop=0 cursor=5,0 fgpid=255267 bytes=0 paints=77
title= cwd=-
folds prefix=relay://call/ known=3 expanded=3 visualRows=320 visualTop=161 atBottom=0
  relay://call/demo/1/run rows=14 anchor=1..1 open
  relay://call/demo/1/edit rows=6 anchor=2..2 open
  relay://call/demo/1/read rows=300 anchor=3..3 open
--- historyText(5) ---

--- screenText() ---
relay  agent turn 1
  ran python script · 14 lines · exit 0 · 1.2 s
  edited engine/view/FoldLayer.cpp · +6 −2
  read 300 lines of build.log
done.

























===== DUMP =====
core=libvterm rows=30 cols=100 altScreen=0 history=0 viewportTop=0 cursor=5,0 fgpid=255267 bytes=0 paints=86
title= cwd=-
folds prefix=relay://call/ known=3 expanded=3 visualRows=320 visualTop=0 atBottom=0
  relay://call/demo/1/run rows=14 anchor=1..1 open
  relay://call/demo/1/edit rows=6 anchor=2..2 open
  relay://call/demo/1/read rows=300 anchor=3..3 open
--- historyText(5) ---

--- screenText() ---
relay  agent turn 1
  ran python script · 14 lines · exit 0 · 1.2 s
  edited engine/view/FoldLayer.cpp · +6 −2
  read 300 lines of build.log
done.

























===== DUMP =====
core=libvterm rows=30 cols=100 altScreen=0 history=0 viewportTop=0 cursor=5,0 fgpid=255267 bytes=0 paints=95
title= cwd=-
folds prefix=relay://call/ known=3 expanded=3 visualRows=320 visualTop=0 atBottom=0
  relay://call/demo/1/run rows=14 anchor=1..1 open
  relay://call/demo/1/edit rows=6 anchor=2..2 open
  relay://call/demo/1/read rows=300 anchor=3..3 open
--- historyText(5) ---

--- screenText() ---
relay  agent turn 1
  ran python script · 14 lines · exit 0 · 1.2 s
  edited engine/view/FoldLayer.cpp · +6 −2
  read 300 lines of build.log
done.

























