shot step14a-desktop-a-fresh-profile-remote-control-off.png
shot step14b-desktop-the-plug-menu-with-remote-control-off.png
shot step14c-desktop-the-first-item-under-the-status-line.png
shot step14d-share-the-pairing-dialog-the-code-the-qr-and-copy.png
shot step14e-desktop-the-plug-menu-now-says-on.png
PASS a fresh profile starts with remote control off (True, no [remote] section: True); the plug menu's first item opens the pairing dialog (True), which turns the service on by itself: the sidecar runs (True), the desktop registers at join.relay-terminal.ai (health desktops 1 → 2), relay.conf remembers alwaysOn=true (True) with address=relay-terminal.ai (True), the dialog shows a code shaped 'ABCD 4829' (True) and the link is hosted (https://join.relay-terminal.ai/pair#…, 135 chars) (shots step14a-e)
shot step15a-phone-the-welcome-screen-leads-with-the-code.png
shot step15b-phone-the-five-digits-on-the-phone.png
shot step15c-share-the-same-five-digits-on-the-desktop.png
shot step15d-phone-the-phone-is-in-the-inbox.png
shot step15e-share-the-dialog-says-the-code-was-used.png
PASS the welcome screen at https://join.relay-terminal.ai/ leads with 'Enter the code from your desktop'; the eight characters from the dialog pair this phone: the same five digits show on both sides ('91690' — shot step15c is the desktop's), Allow typing lands it in the inbox (True, one screen drawn: True) as 'full', link 'connected'; the rendezvous's /v1/health and the desktop's audit carry neither the PIN nor the pairing secret (True), and the PIN is in no console line (True). The desktop's audit has code_used for PBDT exactly once with no failed try (True), and the dialog's code row ended: it offers "New code" (True; shot step15e reads "Used") (shots step15a-e)
NOTE the inbox led with the notifications offer on arrival: True (step 18 taps it)
shot step16a-share-a-fresh-code-for-the-burn.png
shot step16b-share-the-burned-code-and-new-code-on-the-desktop.png
shot step16c-phone-the-burned-code-on-the-phone.png
shot step16d-share-a-new-code-after-the-burn.png
shot step16e-phone-the-new-code-paired-a-second-device.png
NOTE the third wrong PIN was answered with 'That PIN is not right … then try again' — the served meet.js predates the fix in the repo, which makes it say the code has stopped working; it needs the redeploy
PASS three wrong PINs on a fresh code (VGNX) burn it: the page counts them (['That PIN is not right. Wrong PINs count: after three, this code stops working. Check the four digits on your desktop, then try again.', 'That PIN is not right. Wrong PINs count: after three, this code stops working. Check the four digits on your desktop, then try again.', 'That PIN is not right. Wrong PINs count: after three, this code stops working. Check the four digits on your desktop, then try again.']), and the *right* PIN afterwards is refused — 'There is no pairing code with those letters. Codes last ten minutes — if the one on your desktop is older than that, choose “New code”.' — with the phone still on the welcome screen (True). The desktop's audit has code_burned with failures=3 (True) and the dialog's row reads "Closed" with a "New code" button (shot step16b). That button (pressed) mints AGQY, which pairs a second device (True) (shots step16a-e; the old code was PBDT)
shot step17z-share-a-fresh-link-for-the-ios-check.png
shot step17a-phone-ios-safari-is-told-to-install-first.png
shot step17b-share-the-desktop-was-never-asked.png
shot step17c-phone-the-same-link-in-the-installed-app.png
PASS a pairing link opened in Safari on an iPhone that is not installed shows the install card (True) and hands the link over instead of pairing: screens ['screen-welcome'], the copy row is up (True) with the link itself (True), and ten seconds later nothing has paired (True) — the desktop was never asked: its audit has 2 pairing(s) before the tab and 2 after, and shot step17b is the dialog with no approval row. The same link in an installed app pairs (True, left at 'https://join.relay-terminal.ai/'; the audit now has 3), which is the proof the tab never spent it (shots step17a-c). Lead: 'Add Relay to your Home Screen first, then open it from there and\n          enter'
shot step18a-phone-the-inbox-leads-with-turn-on-notifications.png
shot step18b-phone-both-switches-on.png
PASS the first arrival after pairing leads with one button: {'top': True, 'offer': True, 'text': 'Turn on notifications', 'first': True, 'permission': 'default'}; one tap turns both switches on ([['notify-switch-finished', True], ['notify-switch-needs', True]]) and the offer collapses (True), leaving the settings row ('Stop notifying this phone') where it is changed afterwards (shots step18a, step18b). The subscription itself is the browser's one stub (pushManager.subscribe); everything on the desktop's side of it is real.
shot step19a-desktop-the-plug-menu-with-remote-control-on.png
shot step19b-desktop-the-desktop-after-the-switch-off.png
shot step19c-phone-the-phone-says-offline.png
shot step19d-phone-the-phone-is-back-with-no-pairing.png
shot step19e-desktop-the-plug-menu-says-on-again.png
PASS the plug menu's switch turns remote control off: the rendezvous drops the desktop (desktops 1), the phone says 'offline', alwaysOn=false is written (True). Turned on again from the same menu the desktop is back (desktops 2, alwaysOn=true: True) and the phone reconnects (on its own) straight into the inbox with 1 pane(s) and no pairing (True, screens ['screen-inbox']) (shots step19a-e)
PASS every code the dialog showed stayed the code: 5 minted (['PBDT', 'VGNX', 'AGQY', 'DBYM', 'EWMW']), none ended by the service's move to join.relay-terminal.ai (code_expired: []) — see audit-steps-14-19.txt
NOTE phone console: ['error: Loading the script \'https://static.cloudflareinsights.com/beacon.min.js/v31edd6df95cf4e85bb4c19e7a9bdbcba1788362987495\' violates the following Content Security Policy directive: "script-src \'self\'". Note that \'script-src-elem\' was not explicitly set, so \'script-src\' is used as a fallback. The action has been blocked.']
NOTE Relay ended: exit 0
NOTE the profile was wiped between the two halves: the thirteen steps below run on a fresh desktop identity, with the same build, jail and fake model
shot 01-desktop-remote-control-off-at-start.png
PASS a fresh profile starts with remote control off: Relay's children after 14 s are ['/usr/bin/python3 -S -u /home/elliott/repos/relay-terminal/ba', '/bin/bash --noprofile --rcfile /home/elliott/repos/relay-ter'] (no gui_host sidecar); relay.conf has no [remote] section: True; join.relay-terminal.ai lists 1 desktop(s) online before this run (shot 01)
shot 02-desktop-options-remote-just-switched-on.png
shot 03-desktop-options-remote-online.png
shot 03a-desktop-the-plug-menu-status-line.png
PASS Options › Remote's switch starts the sidecar (True), the desktop registers at join.relay-terminal.ai (health desktops 1 → 2), and relay.conf remembers remote/alwaysOn=true (True); the address row is the default, relay-terminal.ai (shots 02, 03, 03a)
shot 04-desktop-back-to-the-pane-with-the-service-on.png
shot 05-share-the-share-window-pairing-through-the-hosted-address.png
PASS the pairing link points at the hosted app: https://join.relay-terminal.ai/pair#… (135 chars)
shot 06-phone-the-code-on-the-phone.png
shot 07-share-the-same-code-on-the-desktop.png
NOTE the phone shows 48566; shot 07 is the desktop's — compare them
shot 08-phone-paired-full-inbox.png
PASS the phone paired with Allow typing and reads 'full', link 'connected' (shot 08)
PASS the phone holds a connect token (35 chars) for desktop 1adefb42… (the record's id matches the link's key: True)
PASS a connect with no token at all to the paired desktop is refused: closed 4404 'no such desktop or the pairing code expired.'
PASS a connect with a made-up token to the paired desktop is refused: closed 4404 'no such desktop or the pairing code expired.'
shot 09-phone-inbox-two-panes-with-chips.png
PASS the inbox lists both panes with no share button pressed: 2 rows, chips ['idle', 'idle'] (shot 09)
shot 10-phone-inbox-the-third-pane-appeared.png
shot 11-desktop-three-panes-on-the-desktop.png
PASS a pane opened on the desktop appears in the inbox by itself: 3 rows (shots 10, 11)
shot 12-phone-the-pane-view.png
shot 13-phone-inbox-running-with-the-clock.png
shot 14-phone-inbox-finished.png
shot 15-phone-the-answer-on-the-phone.png
shot 16-desktop-the-answer-in-the-pane.png
PASS a prompt sent through the pane view’s box (one screen drawn: True) ran on the desktop: the chip read 'running · 0s' then 'finished', and the fake model's answer reached the terminal (True) (shots 12-16)
shot 17-phone-stop-while-the-turn-runs.png
shot 18-phone-after-stop.png
shot 19-desktop-the-stopped-turn-on-the-desktop.png
PASS Stop is in the strip while the turn runs (True, clock 'Relaying · thinking… · 3 s · step 1/500 · Esc stops') and one tap ends a turn the model would have kept up for two minutes (True, in 0.4 s) (shots 17-19)
shot 20-phone-the-question-on-the-phone.png
shot 21-desktop-the-question-on-the-desktop.png
shot 22-phone-the-choice-answered-it.png
shot 23-desktop-the-answer-reached-the-desktop-ask.png
PASS the worker's ask_user is drawn on the phone (True: {'header': 'Which branch', 'text': 'Which branch should the fix land on?', 'choices': ['main', 'a side branch']}), a tap on a choice closes it (True) and the model got the answer (True) (shots 20-23)
shot 24-phone-the-pane-menu.png
shot 25-phone-the-recap-in-the-pane.png
shot 26-desktop-the-recap-on-the-desktop.png
PASS Recap from the pane menu prints a recap in the pane (True) with no error ({'term': 'Read only until you take over.', 'thread': '', 'toast': ''}) (shots 24-26)
NOTE the recap's side call reached the fake model 1 time(s); 0 means the summaries role resolved to another provider (see README, "what is real")
shot 27-phone-typed-while-offline.png
shot 28-phone-back-online-and-delivered.png
shot 29-desktop-the-offline-prompt-on-the-desktop.png
PASS 1 socket cut and the page taken offline (link 'offline'); a prompt typed then reads 'Sends when back online · 1 message'; back online ('connected') it arrived (True) exactly once (the model saw 1 request(s) for it, the same as for step 5's prompt: 1); the note is cleared afterwards ('') (shots 27-29)
shot 30-phone-the-notify-row.png
shot 31-phone-the-two-switches.png
PASS the Notify row ({'text': 'Notify me on this phone', 'note': '', 'permission': 'granted'}) subscribes (push service stubbed in the browser) and the desktop answers with the two switches: [['notify-switch-finished', True, 'agent_finished failed plan'], ['notify-switch-needs', True, 'waiting_input password']]; the row says 'Your desktop decides what is worth telling you, and a notification never carries what is on the screen.' (shots 30, 31). Delivery to a lock screen is Phase 3, on the real phone
shot 32-phone-one-switch-off.png
NOTE after turning the second switch off: [['notify-switch-finished', True], ['notify-switch-needs', False]] (shot 32)
shot 33-share-the-share-window-before-the-invite.png
PASS the share window opened later in the run lists the paired phone: True (shot 33; with remote control on the list was reported at launch, before any window existed — RemoteShare keeps it now)
shot 34-share-an-editor-invite.png
PASS an editor invite was made on the desktop, through the hosted address: https://join.relay-terminal.ai/join#…
shot 35-guest-alice-knocks.png
shot 36-phone-the-knock-on-the-phone.png
shot 37-desktop-the-knock-on-the-desktop.png
PASS the knock reaches the owner's phone with the same code the guest sees (55428): 'alice wants to join as editor · code 55428AdmitRefuse' (shots 35-37)
shot 38-guest-alice-admitted-from-the-phone.png
shot 39-desktop-alice-on-the-people-list.png
PASS Admit on the phone lets the guest in (shots 38, 39)
shot 40-guest-the-guest-prompt-waits.png
shot 41-phone-the-guest-prompt-on-the-phone.png
shot 42-guest-the-guest-prompt-approved.png
shot 43-phone-the-guest-prompt-ran.png
shot 44-desktop-the-guest-prompt-on-the-desktop.png
PASS a guest prompt waits on the desktop, shows on the phone ('alice: GUESTQ what is in this folder?RunRefuse'), Run sends it to the agent (True) and the model answered it (True) (shots 40-44)
shot 45-phone-the-desktop-quit.png
PASS Relay quit cleanly on SIGTERM (exit 0, gui_crash lines: 0); the rendezvous shows it gone (desktops 1); the phone says 'offline' (shot 45)
shot 46-desktop-relay-started-again-nothing-pressed.png
shot 47-phone-the-phone-reloaded-and-reconnected.png
PASS after a restart on the same profile the sidecar comes back by itself (True), the desktop is registered again (desktops 2), and the reloaded phone is straight in the inbox with 1 pane(s), no pairing (['screen-inbox']; link 'connected'; welcome note '') (shots 46, 47)
shot 47a-phone-the-pairing-tab-refreshed.png
PASS a paired phone refreshing the tab it paired in (/pair, no code) lands in 'the inbox' (shot 47a)
shot 48-desktop-options-remote-switched-off.png
shot 49-phone-the-phone-after-the-switch.png
PASS the switch off withdraws the desktop from the rendezvous (desktops 1), the phone says 'offline', and alwaysOn=false is remembered (True); the sidecar is still a child of Relay (shots 48, 49)
NOTE phone console: ['error: Loading the script \'https://static.cloudflareinsights.com/beacon.min.js/v31edd6df95cf4e85bb4c19e7a9bdbcba1788362987495\' violates the following Content Security Policy directive: "script-src \'self\'". Note that \'script-src-elem\' was not explicitly set, so \'script-src\' is used as a fallback. The action has been blocked.', 'error: Loading the script \'https://static.cloudflareinsights.com/beacon.min.js/v31edd6df95cf4e85bb4c19e7a9bdbcba1788362987495\' violates the following Content Security Policy directive: "script-src \'self\'". Note that \'script-src-elem\' was not explicitly set, so \'script-src\' is used as a fallback. The action has been blocked.', 'error: Loading the script \'https://static.cloudflareinsights.com/beacon.min.js/v31edd6df95cf4e85bb4c19e7a9bdbcba1788362987495\' violates the following Content Security Policy directive: "script-src \'self\'". Note that \'script-src-elem\' was not explicitly set, so \'script-src\' is used as a fallback. The action has been blocked.']
NOTE guest console: ['error: Loading the script \'https://static.cloudflareinsights.com/beacon.min.js/v31edd6df95cf4e85bb4c19e7a9bdbcba1788362987495\' violates the following Content Security Policy directive: "script-src \'self\'". Note that \'script-src-elem\' was not explicitly set, so \'script-src\' is used as a fallback. The action has been blocked.']
NOTE Relay ended: exit 0

42 notes, 0 failures
