phone shows code 68076
paired as view
live screen ends: k-396 scrollback-397 scrollback-398 scrollback-399 scrollback-400 elliott@spark-dcc9:/tmp/tmp.wWPr3FXv42/tmp.MBXXNz6lzS$
shot 01-live-screen
first page: 80 rows, oldest scrollback-284 newest scrollback-363
after dragging: 240 rows, oldest scrollback-124
pages join with no gap and no repeat: True
the whole column: rows 124..400 contiguous: True
shot 02-scrolled-back
a history row is painted: ['scrollback-125', '700', 'rgb(255, 140, 143)']
settled at 2026
scroll before new output: 2026 after: 2026 moved: False
the way back to live is offered: True
the whole column: rows 124..400 contiguous: True
shot 03-new-output-while-scrolled-back
tapping it returns to live: True
the whole column: rows 124..400 contiguous: True
horizontal overflow (0 = the grid fits): 0
shot 04-back-at-live
console problems: []
